Component: ARM Compiler 5.05 update 1 (build 106) Tool: armlink [4d0efa]

==============================================================================

Section Cross References

    startup_stm32f407xx.o(RESET) refers to startup_stm32f407xx.o(STACK) for __initial_sp
    startup_stm32f407xx.o(RESET) refers to startup_stm32f407xx.o(.text) for Reset_Handler
    startup_stm32f407xx.o(RESET) refers to stm32f4xx_it.o(i.NMI_Handler) for NMI_Handler
    startup_stm32f407xx.o(RESET) refers to stm32f4xx_it.o(i.HardFault_Handler) for HardFault_Handler
    startup_stm32f407xx.o(RESET) refers to stm32f4xx_it.o(i.MemManage_Handler) for MemManage_Handler
    startup_stm32f407xx.o(RESET) refers to stm32f4xx_it.o(i.BusFault_Handler) for BusFault_Handler
    startup_stm32f407xx.o(RESET) refers to stm32f4xx_it.o(i.UsageFault_Handler) for UsageFault_Handler
    startup_stm32f407xx.o(RESET) refers to stm32f4xx_it.o(i.SVC_Handler) for SVC_Handler
    startup_stm32f407xx.o(RESET) refers to stm32f4xx_it.o(i.DebugMon_Handler) for DebugMon_Handler
    startup_stm32f407xx.o(RESET) refers to stm32f4xx_it.o(i.PendSV_Handler) for PendSV_Handler
    startup_stm32f407xx.o(RESET) refers to stm32f4xx_it.o(i.SysTick_Handler) for SysTick_Handler
    startup_stm32f407xx.o(RESET) refers to stm32f4xx_it.o(i.TIM8_CC_IRQHandler) for TIM8_CC_IRQHandler
    startup_stm32f407xx.o(RESET) refers to stm32f4xx_it.o(i.DMA2_Stream0_IRQHandler) for DMA2_Stream0_IRQHandler
    startup_stm32f407xx.o(RESET) refers to stm32f4xx_it.o(i.FPU_IRQHandler) for FPU_IRQHandler
    startup_stm32f407xx.o(.text) refers to system_stm32f4xx.o(i.SystemInit) for SystemInit
    startup_stm32f407xx.o(.text) refers to entry.o(.ARM.Collect$$$$00000000) for __main
    main.o(i.HAL_ADC_ConvCpltCallback) refers to main.o(.data) for .data
    main.o(i.HAL_TIM_OC_DelayElapsedCallback) refers to bsp_stepmotor.o(.bss) for htimx_STEPMOTOR
    main.o(i.HAL_TIM_OC_DelayElapsedCallback) refers to bsp_stepmotor.o(.data) for Toggle_Pulse
    main.o(i.HAL_TIM_OC_DelayElapsedCallback) refers to main.o(.data) for .data
    main.o(i.SystemClock_Config) refers to stm32f4xx_hal_rcc.o(i.HAL_RCC_OscConfig) for HAL_RCC_OscConfig
    main.o(i.SystemClock_Config) refers to stm32f4xx_hal_rcc.o(i.HAL_RCC_ClockConfig) for HAL_RCC_ClockConfig
    main.o(i.SystemClock_Config) refers to stm32f4xx_hal_rcc.o(i.HAL_RCC_EnableCSS) for HAL_RCC_EnableCSS
    main.o(i.SystemClock_Config) refers to stm32f4xx_hal_rcc.o(i.HAL_RCC_GetHCLKFreq) for HAL_RCC_GetHCLKFreq
    main.o(i.SystemClock_Config) refers to stm32f4xx_hal_cortex.o(i.HAL_SYSTICK_Config) for HAL_SYSTICK_Config
    main.o(i.SystemClock_Config) refers to stm32f4xx_hal_cortex.o(i.HAL_SYSTICK_CLKSourceConfig) for HAL_SYSTICK_CLKSourceConfig
    main.o(i.SystemClock_Config) refers to stm32f4xx_hal_cortex.o(i.HAL_NVIC_SetPriority) for HAL_NVIC_SetPriority
    main.o(i.main) refers to stm32f4xx_hal.o(i.HAL_Init) for HAL_Init
    main.o(i.main) refers to main.o(i.SystemClock_Config) for SystemClock_Config
    main.o(i.main) refers to bsp_key.o(i.KEY_GPIO_Init) for KEY_GPIO_Init
    main.o(i.main) refers to bsp_debug_usart.o(i.MX_DEBUG_USART_Init) for MX_DEBUG_USART_Init
    main.o(i.main) refers to bsp_lcd.o(i.BSP_LCD_Init) for BSP_LCD_Init
    main.o(i.main) refers to rand.o(.text) for srand
    main.o(i.main) refers to bsp_adc.o(i.MX_DMA_Init) for MX_DMA_Init
    main.o(i.main) refers to bsp_adc.o(i.MX_ADCx_Init) for MX_ADCx_Init
    main.o(i.main) refers to stm32f4xx_hal_adc.o(i.HAL_ADC_Start_DMA) for HAL_ADC_Start_DMA
    main.o(i.main) refers to bsp_stepmotor.o(i.STEPMOTOR_TIMx_Init) for STEPMOTOR_TIMx_Init
    main.o(i.main) refers to stm32f4xx_hal_tim.o(i.HAL_TIM_Base_Start) for HAL_TIM_Base_Start
    main.o(i.main) refers to stm32f4xx_hal_tim.o(i.HAL_TIM_OC_Start_IT) for HAL_TIM_OC_Start_IT
    main.o(i.main) refers to stm32f4xx_hal_tim.o(i.TIM_CCxChannelCmd) for TIM_CCxChannelCmd
    main.o(i.main) refers to bsp_lcd.o(i.LCD_Clear) for LCD_Clear
    main.o(i.main) refers to stm32f4xx_hal_gpio.o(i.HAL_GPIO_WritePin) for HAL_GPIO_WritePin
    main.o(i.main) refers to stm32f4xx_hal.o(i.HAL_Delay) for HAL_Delay
    main.o(i.main) refers to dfltui.o(.text) for __aeabi_ui2d
    main.o(i.main) refers to dmul.o(.text) for __aeabi_dmul
    main.o(i.main) refers to d2f.o(.text) for __aeabi_d2f
    main.o(i.main) refers to f2d.o(.text) for __aeabi_f2d
    main.o(i.main) refers to dadd.o(.text) for __aeabi_drsub
    main.o(i.main) refers to dfixi.o(.text) for __aeabi_d2iz
    main.o(i.main) refers to dflti.o(.text) for __aeabi_i2d
    main.o(i.main) refers to ddiv.o(.text) for __aeabi_ddiv
    main.o(i.main) refers to printfa.o(i.__0sprintf) for __2sprintf
    main.o(i.main) refers to bsp_lcd.o(i.LCD_DispString_EN_CH) for LCD_DispString_EN_CH
    main.o(i.main) refers to main.o(.data) for .data
    main.o(i.main) refers to bsp_adc.o(.bss) for hadcx
[...]
    ..\Drivers\STM32F4xx_HAL_Driver\Src\stm32f4xx_hal_uart.c 0x00000000   Number         0  stm32f4xx_hal_uart.o ABSOLUTE
    ..\Drivers\STM32F4xx_HAL_Driver\Src\stm32f4xx_hal_usart.c 0x00000000   Number         0  stm32f4xx_hal_usart.o ABSOLUTE
    ..\Drivers\STM32F4xx_HAL_Driver\Src\stm32f4xx_hal_wwdg.c 0x00000000   Number         0  stm32f4xx_hal_wwdg.o ABSOLUTE
    ..\Drivers\STM32F4xx_HAL_Driver\Src\stm32f4xx_ll_adc.c 0x00000000   Number         0  stm32f4xx_ll_adc.o ABSOLUTE
    ..\Drivers\STM32F4xx_HAL_Driver\Src\stm32f4xx_ll_crc.c 0x00000000   Number         0  stm32f4xx_ll_crc.o ABSOLUTE
    ..\Drivers\STM32F4xx_HAL_Driver\Src\stm32f4xx_ll_dac.c 0x00000000   Number         0  stm32f4xx_ll_dac.o ABSOLUTE
    ..\Drivers\STM32F4xx_HAL_Driver\Src\stm32f4xx_ll_dma.c 0x00000000   Number         0  stm32f4xx_ll_dma.o ABSOLUTE
    ..\Drivers\STM32F4xx_HAL_Driver\Src\stm32f4xx_ll_dma2d.c 0x00000000   Number         0  stm32f4xx_ll_dma2d.o ABSOLUTE
    ..\Drivers\STM32F4xx_HAL_Driver\Src\stm32f4xx_ll_exti.c 0x00000000   Number         0  stm32f4xx_ll_exti.o ABSOLUTE
    ..\Drivers\STM32F4xx_HAL_Driver\Src\stm32f4xx_ll_fmc.c 0x00000000   Number         0  stm32f4xx_ll_fmc.o ABSOLUTE
    ..\Drivers\STM32F4xx_HAL_Driver\Src\stm32f4xx_ll_fsmc.c 0x00000000   Number         0  stm32f4xx_ll_fsmc.o ABSOLUTE
    ..\Drivers\STM32F4xx_HAL_Driver\Src\stm32f4xx_ll_gpio.c 0x00000000   Number         0  stm32f4xx_ll_gpio.o ABSOLUTE
    ..\Drivers\STM32F4xx_HAL_Driver\Src\stm32f4xx_ll_i2c.c 0x00000000   Number         0  stm32f4xx_ll_i2c.o ABSOLUTE
    ..\Drivers\STM32F4xx_HAL_Driver\Src\stm32f4xx_ll_lptim.c 0x00000000   Number         0  stm32f4xx_ll_lptim.o ABSOLUTE
    ..\Drivers\STM32F4xx_HAL_Driver\Src\stm32f4xx_ll_pwr.c 0x00000000   Number         0  stm32f4xx_ll_pwr.o ABSOLUTE
    ..\Drivers\STM32F4xx_HAL_Driver\Src\stm32f4xx_ll_rcc.c 0x00000000   Number         0  stm32f4xx_ll_rcc.o ABSOLUTE
    ..\Drivers\STM32F4xx_HAL_Driver\Src\stm32f4xx_ll_rng.c 0x00000000   Number         0  stm32f4xx_ll_rng.o ABSOLUTE
    ..\Drivers\STM32F4xx_HAL_Driver\Src\stm32f4xx_ll_rtc.c 0x00000000   Number         0  stm32f4xx_ll_rtc.o ABSOLUTE
    ..\Drivers\STM32F4xx_HAL_Driver\Src\stm32f4xx_ll_sdmmc.c 0x00000000   Number         0  stm32f4xx_ll_sdmmc.o ABSOLUTE
    ..\Drivers\STM32F4xx_HAL_Driver\Src\stm32f4xx_ll_spi.c 0x00000000   Number         0  stm32f4xx_ll_spi.o ABSOLUTE
    ..\Drivers\STM32F4xx_HAL_Driver\Src\stm32f4xx_ll_tim.c 0x00000000   Number         0  stm32f4xx_ll_tim.o ABSOLUTE
    ..\Drivers\STM32F4xx_HAL_Driver\Src\stm32f4xx_ll_usart.c 0x00000000   Number         0  stm32f4xx_ll_usart.o ABSOLUTE
    ..\Drivers\STM32F4xx_HAL_Driver\Src\stm32f4xx_ll_usb.c 0x00000000   Number         0  stm32f4xx_ll_usb.o ABSOLUTE
    ..\Drivers\STM32F4xx_HAL_Driver\Src\stm32f4xx_ll_utils.c 0x00000000   Number         0  stm32f4xx_ll_utils.o ABSOLUTE
    ..\Src\bsp\StepMotor\bsp_STEPMOTOR.c     0x00000000   Number         0  bsp_stepmotor.o ABSOLUTE
    ..\Src\bsp\adc\bsp_adc.c                 0x00000000   Number         0  bsp_adc.o ABSOLUTE
    ..\Src\bsp\key\bsp_key.c                 0x00000000   Number         0  bsp_key.o ABSOLUTE
    ..\Src\bsp\lcd\bsp_lcd.c                 0x00000000   Number         0  bsp_lcd.o ABSOLUTE
    ..\Src\bsp\spiflash\bsp_spiflash.c       0x00000000   Number         0  bsp_spiflash.o ABSOLUTE
    ..\Src\bsp\usart\bsp_debug_usart.c       0x00000000   Number         0  bsp_debug_usart.o ABSOLUTE
    ..\Src\main.c                            0x00000000   Number         0  main.o ABSOLUTE
    ..\Src\stm32f4xx_assert.c                0x00000000   Number         0  stm32f4xx_assert.o ABSOLUTE
    ..\Src\stm32f4xx_hal_msp.c               0x00000000   Number         0  stm32f4xx_hal_msp.o ABSOLUTE
    ..\Src\stm32f4xx_it.c                    0x00000000   Number         0  stm32f4xx_it.o ABSOLUTE
    ..\Src\system_stm32f4xx.c                0x00000000   Number         0  system_stm32f4xx.o ABSOLUTE
    ..\\Drivers\\STM32F4xx_HAL_Driver\\Src\\stm32f4xx_hal_adc.c 0x00000000   Number         0  stm32f4xx_hal_adc.o ABSOLUTE
    ..\\Drivers\\STM32F4xx_HAL_Driver\\Src\\stm32f4xx_hal_adc_ex.c 0x00000000   Number         0  stm32f4xx_hal_adc_ex.o ABSOLUTE
    ..\\Drivers\\STM32F4xx_HAL_Driver\\Src\\stm32f4xx_hal_can.c 0x00000000   Number         0  stm32f4xx_hal_can.o ABSOLUTE
    ..\\Drivers\\STM32F4xx_HAL_Driver\\Src\\stm32f4xx_hal_cec.c 0x00000000   Number         0  stm32f4xx_hal_cec.o ABSOLUTE
    ..\\Drivers\\STM32F4xx_HAL_Driver\\Src\\stm32f4xx_hal_crc.c 0x00000000   Number         0  stm32f4xx_hal_crc.o ABSOLUTE
    ..\\Drivers\\STM32F4xx_HAL_Driver\\Src\\stm32f4xx_hal_cryp.c 0x00000000   Number         0  stm32f4xx_hal_cryp.o ABSOLUTE
    ..\\Drivers\\STM32F4xx_HAL_Driver\\Src\\stm32f4xx_hal_cryp_ex.c 0x00000000   Number         0  stm32f4xx_hal_cryp_ex.o ABSOLUTE
    ..\\Drivers\\STM32F4xx_HAL_Driver\\Src\\stm32f4xx_hal_dac.c 0x00000000   Number         0  stm32f4xx_hal_dac.o ABSOLUTE
    ..\\Drivers\\STM32F4xx_HAL_Driver\\Src\\stm32f4xx_hal_dac_ex.c 0x00000000   Number         0  stm32f4xx_hal_dac_ex.o ABSOLUTE
    ..\\Drivers\\STM32F4xx_HAL_Driver\\Src\\stm32f4xx_hal_dcmi.c 0x00000000   Number         0  stm32f4xx_hal_dcmi.o ABSOLUTE
    ..\\Drivers\\STM32F4xx_HAL_Driver\\Src\\stm32f4xx_hal_dcmi_ex.c 0x00000000   Number         0  stm32f4xx_hal_dcmi_ex.o ABSOLUTE
    ..\\Drivers\\STM32F4xx_HAL_Driver\\Src\\stm32f4xx_hal_dfsdm.c 0x00000000   Number         0  stm32f4xx_hal_dfsdm.o ABSOLUTE
    ..\\Drivers\\STM32F4xx_HAL_Driver\\Src\\stm32f4xx_hal_dma2d.c 0x00000000   Number         0  stm32f4xx_hal_dma2d.o ABSOLUTE
    ..\\Drivers\\STM32F4xx_HAL_Driver\\Src\\stm32f4xx_hal_dsi.c 0x00000000   Number         0  stm32f4xx_hal_dsi.o ABSOLUTE
    ..\\Drivers\\STM32F4xx_HAL_Driver\\Src\\stm32f4xx_hal_eth.c 0x00000000   Number         0  stm32f4xx_hal_eth.o ABSOLUTE
    ..\\Drivers\\STM32F4xx_HAL_Driver\\Src\\stm32f4xx_hal_fmpi2c.c 0x00000000   Number         0  stm32f4xx_hal_fmpi2c.o ABSOLUTE
    ..\\Drivers\\STM32F4xx_HAL_Driver\\Src\\stm32f4xx_hal_fmpi2c_ex.c 0x00000000   Number         0  stm32f4xx_hal_fmpi2c_ex.o ABSOLUTE
    ..\\Drivers\\STM32F4xx_HAL_Driver\\Src\\stm32f4xx_hal_hash.c 0x00000000   Number         0  stm32f4xx_hal_hash.o ABSOLUTE
    ..\\Drivers\\STM32F4xx_HAL_Driver\\Src\\stm32f4xx_hal_hash_ex.c 0x00000000   Number         0  stm32f4xx_hal_hash_ex.o ABSOLUTE
    ..\\Drivers\\STM32F4xx_HAL_Driver\\Src\\stm32f4xx_hal_hcd.c 0x00000000   Number         0  stm32f4xx_hal_hcd.o ABSOLUTE
    ..\\Drivers\\STM32F4xx_HAL_Driver\\Src\\stm32f4xx_hal_i2c.c 0x00000000   Number         0  stm32f4xx_hal_i2c.o ABSOLUTE
    ..\\Drivers\\STM32F4xx_HAL_Driver\\Src\\stm32f4xx_hal_i2c_ex.c 0x00000000   Number         0  stm32f4xx_hal_i2c_ex.o ABSOLUTE
    ..\\Drivers\\STM32F4xx_HAL_Driver\\Src\\stm32f4xx_hal_i2s.c 0x00000000   Number         0  stm32f4xx_hal_i2s.o ABSOLUTE
    ..\\Drivers\\STM32F4xx_HAL_Driver\\Src\\stm32f4xx_hal_i2s_ex.c 0x00000000   Number         0  stm32f4xx_hal_i2s_ex.o ABSOLUTE
    ..\\Drivers\\STM32F4xx_HAL_Driver\\Src\\stm32f4xx_hal_irda.c 0x00000000   Number         0  stm32f4xx_hal_irda.o ABSOLUTE
    ..\\Drivers\\STM32F4xx_HAL_Driver\\Src\\stm32f4xx_hal_iwdg.c 0x00000000   Number         0  stm32f4xx_hal_iwdg.o ABSOLUTE
    ..\\Drivers\\STM32F4xx_HAL_Driver\\Src\\stm32f4xx_hal_lptim.c 0x00000000   Number         0  stm32f4xx_hal_lptim.o ABSOLUTE
    ..\\Drivers\\STM32F4xx_HAL_Driver\\Src\\stm32f4xx_hal_ltdc.c 0x00000000   Number         0  stm32f4xx_hal_ltdc.o ABSOLUTE
    ..\\Drivers\\STM32F4xx_HAL_Driver\\Src\\stm32f4xx_hal_ltdc_ex.c 0x00000000   Number         0  stm32f4xx_hal_ltdc_ex.o ABSOLUTE
    ..\\Drivers\\STM32F4xx_HAL_Driver\\Src\\stm32f4xx_hal_mmc.c 0x00000000   Number         0  stm32f4xx_hal_mmc.o ABSOLUTE
    ..\\Drivers\\STM32F4xx_HAL_Driver\\Src\\stm32f4xx_hal_nand.c 0x00000000   Number         0  stm32f4xx_hal_nand.o ABSOLUTE
    ..\\Drivers\\STM32F4xx_HAL_Driver\\Src\\stm32f4xx_hal_nor.c 0x00000000   Number         0  stm32f4xx_hal_nor.o ABSOLUTE
    ..\\Drivers\\STM32F4xx_HAL_Driver\\Src\\stm32f4xx_hal_pccard.c 0x00000000   Number         0  stm32f4xx_hal_pccard.o ABSOLUTE
    ..\\Drivers\\STM32F4xx_HAL_Driver\\Src\\stm32f4xx_hal_pcd.c 0x00000000   Number         0  stm32f4xx_hal_pcd.o ABSOLUTE
    ..\\Drivers\\STM32F4xx_HAL_Driver\\Src\\stm32f4xx_hal_pcd_ex.c 0x00000000   Number         0  stm32f4xx_hal_pcd_ex.o ABSOLUTE
    ..\\Drivers\\STM32F4xx_HAL_Driver\\Src\\stm32f4xx_hal_qspi.c 0x00000000   Number         0  stm32f4xx_hal_qspi.o ABSOLUTE
    ..\\Drivers\\STM32F4xx_HAL_Driver\\Src\\stm32f4xx_hal_rng.c 0x00000000   Number         0  stm32f4xx_hal_rng.o ABSOLUTE
    ..\\Drivers\\STM32F4xx_HAL_Driver\\Src\\stm32f4xx_hal_rtc.c 0x00000000   Number         0  stm32f4xx_hal_rtc.o ABSOLUTE
    ..\\Drivers\\STM32F4xx_HAL_Driver\\Src\\stm32f4xx_hal_rtc_ex.c 0x00000000   Number         0  stm32f4xx_hal_rtc_ex.o ABSOLUTE
    ..\\Drivers\\STM32F4xx_HAL_Driver\\Src\\stm32f4xx_hal_sai.c 0x00000000   Number         0  stm32f4xx_hal_sai.o ABSOLUTE
    ..\\Drivers\\STM32F4xx_HAL_Driver\\Src\\stm32f4xx_hal_sai_ex.c 0x00000000   Number         0  stm32f4xx_hal_sai_ex.o ABSOLUTE
    ..\\Drivers\\STM32F4xx_HAL_Driver\\Src\\stm32f4xx_hal_sd.c 0x00000000   Number         0  stm32f4xx_hal_sd.o ABSOLUTE
    ..\\Drivers\\STM32F4xx_HAL_Driver\\Src\\stm32f4xx_hal_sdram.c 0x00000000   Number         0  stm32f4xx_hal_sdram.o ABSOLUTE
    ..\\Drivers\\STM32F4xx_HAL_Driver\\Src\\stm32f4xx_hal_smartcard.c 0x00000000   Number         0  stm32f4xx_hal_smartcard.o ABSOLUTE
    ..\\Drivers\\STM32F4xx_HAL_Driver\\Src\\stm32f4xx_hal_spdifrx.c 0x00000000   Number         0  stm32f4xx_hal_spdifrx.o ABSOLUTE
    ..\\Drivers\\STM32F4xx_HAL_Driver\\Src\\stm32f4xx_hal_spi.c 0x00000000   Number         0  stm32f4xx_hal_spi.o ABSOLUTE
    ..\\Drivers\\STM32F4xx_HAL_Driver\\Src\\stm32f4xx_hal_sram.c 0x00000000   Number         0  stm32f4xx_hal_sram.o ABSOLUTE
    ..\\Drivers\\STM32F4xx_HAL_Driver\\Src\\stm32f4xx_hal_tim.c 0x00000000   Number         0  stm32f4xx_hal_tim.o ABSOLUTE
    ..\\Drivers\\STM32F4xx_HAL_Driver\\Src\\stm32f4xx_hal_tim_ex.c 0x00000000   Number         0  stm32f4xx_hal_tim_ex.o ABSOLUTE
    ..\\Drivers\\STM32F4xx_HAL_Driver\\Src\\stm32f4xx_hal_uart.c 0x00000000   Number         0  stm32f4xx_hal_uart.o ABSOLUTE
    ..\\Drivers\\STM32F4xx_HAL_Driver\\Src\\stm32f4xx_hal_usart.c 0x00000000   Number         0  stm32f4xx_hal_usart.o ABSOLUTE
    ..\\Drivers\\STM32F4xx_HAL_Driver\\Src\\stm32f4xx_hal_wwdg.c 0x00000000   Number         0  stm32f4xx_hal_wwdg.o ABSOLUTE
    ..\\Drivers\\STM32F4xx_HAL_Driver\\Src\\stm32f4xx_ll_fmc.c 0x00000000   Number         0  stm32f4xx_ll_fmc.o ABSOLUTE
    ..\\Drivers\\STM32F4xx_HAL_Driver\\Src\\stm32f4xx_ll_fsmc.c 0x00000000   Number         0  stm32f4xx_ll_fsmc.o ABSOLUTE
    ..\\Drivers\\STM32F4xx_HAL_Driver\\Src\\stm32f4xx_ll_sdmmc.c 0x00000000   Number         0  stm32f4xx_ll_sdmmc.o ABSOLUTE
    ..\\Drivers\\STM32F4xx_HAL_Driver\\Src\\stm32f4xx_ll_usb.c 0x00000000   Number         0  stm32f4xx_ll_usb.o ABSOLUTE
    ..\\Drivers\\STM32F4xx_HAL_Driver\\Src\\stm32f4xx_ll_utils.c 0x00000000   Number         0  stm32f4xx_ll_utils.o ABSOLUTE
    ..\\Src\\bsp\\StepMotor\\bsp_STEPMOTOR.c 0x00000000   Number         0  bsp_stepmotor.o ABSOLUTE
    ..\\Src\\bsp\\adc\\bsp_adc.c             0x00000000   Number         0  bsp_adc.o ABSOLUTE
    ..\\Src\\bsp\\key\\bsp_key.c             0x00000000   Number         0  bsp_key.o ABSOLUTE
    ..\\Src\\bsp\\lcd\\bsp_lcd.c             0x00000000   Number         0  bsp_lcd.o ABSOLUTE
    ..\\Src\\bsp\\spiflash\\bsp_spiflash.c   0x00000000   Number         0  bsp_spiflash.o ABSOLUTE
    ..\\Src\\bsp\\usart\\bsp_debug_usart.c   0x00000000   Number         0  bsp_debug_usart.o ABSOLUTE
    ..\\Src\\stm32f4xx_assert.c              0x00000000   Number         0  stm32f4xx_assert.o ABSOLUTE
    cdrcmple.s                               0x00000000   Number         0  cdrcmple.o ABSOLUTE
    dc.s                                     0x00000000   Number         0  dc.o ABSOLUTE
    handlers.s                               0x00000000   Number         0  handlers.o ABSOLUTE
    init.s                                   0x00000000   Number         0  init.o ABSOLUTE
    startup_stm32f407xx.s                    0x00000000   Number         0  startup_stm32f407xx.o ABSOLUTE
    RESET                                    0x08000000   Section      392  startup_stm32f407xx.o(RESET)
    .ARM.Collect$$$$00000000                 0x08000188   Section        0  entry.o(.ARM.Collect$$$$00000000)
    .ARM.Collect$$$$00000001                 0x08000188   Section        4  entry2.o(.ARM.Collect$$$$00000001)
    .ARM.Collect$$$$00000004                 0x0800018c   Section        4  entry5.o(.ARM.Collect$$$$00000004)
    .ARM.Collect$$$$00000008                 0x08000190   Section        0  entry7b.o(.ARM.Collect$$$$00000008)
    .ARM.Collect$$$$0000000A                 0x08000190   Section        0  entry8b.o(.ARM.Collect$$$$0000000A)
    .ARM.Collect$$$$0000000B                 0x08000190   Section        8  entry9a.o(.ARM.Collect$$$$0000000B)
    .ARM.Collect$$$$0000000D                 0x08000198   Section        0  entry10a.o(.ARM.Collect$$$$0000000D)
    .ARM.Collect$$$$0000000F                 0x08000198   Section        0  entry11a.o(.ARM.Collect$$$$0000000F)
    .ARM.Collect$$$$00002712                 0x08000198   Section        4  entry2.o(.ARM.Collect$$$$00002712)
    __lit__00000000                          0x08000198   Data           4  entry2.o(.ARM.Collect$$$$00002712)
    .text                                    0x0800019c   Section       36  startup_stm32f407xx.o(.text)
    $v0                                      0x0800019c   Number         0  startup_stm32f407xx.o(.text)
    .text                                    0x080001c0   Section        0  rand.o(.text)
    .text                                    0x080001e4   Section        0  dadd.o(.text)
    .text                                    0x08000332   Section        0  dmul.o(.text)
    .text                                    0x08000416   Section        0  ddiv.o(.text)
    .text                                    0x080004f4   Section        0  dflti.o(.text)
    .text                                    0x08000516   Section        0  dfltui.o(.text)
    .text                                    0x08000530   Section        0  dfixi.o(.text)
    .text                                    0x0800056e   Section        0  f2d.o(.text)
    .text                                    0x08000594   Section        0  d2f.o(.text)
    .text                                    0x080005cc   Section        0  uidiv.o(.text)
    .text                                    0x080005f8   Section        0  uldiv.o(.text)
    .text                                    0x0800065a   Section        0  llshl.o(.text)
    .text                                    0x08000678   Section        0  llushr.o(.text)
    .text                                    0x08000698   Section        0  llsshr.o(.text)
    .text                                    0x080006bc   Section        0  iusefp.o(.text)
    .text                                    0x080006bc   Section        0  fepilogue.o(.text)
    .text                                    0x0800072a   Section        0  depilogue.o(.text)
    .text                                    0x080007e4   Section        0  dfixul.o(.text)
    .text                                    0x08000814   Section       48  cdrcmple.o(.text)
    .text                                    0x08000844   Section       36  init.o(.text)
    i.ADC_DMAConvCplt                        0x08000868   Section        0  stm32f4xx_hal_adc.o(i.ADC_DMAConvCplt)
    ADC_DMAConvCplt                          0x08000869   Thumb Code    98  stm32f4xx_hal_adc.o(i.ADC_DMAConvCplt)
    i.ADC_DMAError                           0x080008ca   Section        0  stm32f4xx_hal_adc.o(i.ADC_DMAError)
    ADC_DMAError                             0x080008cb   Thumb Code    22  stm32f4xx_hal_adc.o(i.ADC_DMAError)
    i.ADC_DMAHalfConvCplt                    0x080008e0   Section        0  stm32f4xx_hal_adc.o(i.ADC_DMAHalfConvCplt)
    ADC_DMAHalfConvCplt                      0x080008e1   Thumb Code    10  stm32f4xx_hal_adc.o(i.ADC_DMAHalfConvCplt)
    i.ADC_Init                               0x080008ec   Section        0  stm32f4xx_hal_adc.o(i.ADC_Init)
    ADC_Init                                 0x080008ed   Thumb Code   292  stm32f4xx_hal_adc.o(i.ADC_Init)
    i.BSP_LCD_Init                           0x08000a18   Section        0  bsp_lcd.o(i.BSP_LCD_Init)
    i.BusFault_Handler                       0x08000a78   Section        0  stm32f4xx_it.o(i.BusFault_Handler)
    i.DMA2_Stream0_IRQHandler                0x08000a7c   Section        0  stm32f4xx_it.o(i.DMA2_Stream0_IRQHandler)
    i.DMA_CalcBaseAndBitshift                0x08000a88   Section        0  stm32f4xx_hal_dma.o(i.DMA_CalcBaseAndBitshift)
    DMA_CalcBaseAndBitshift                  0x08000a89   Thumb Code    34  stm32f4xx_hal_dma.o(i.DMA_CalcBaseAndBitshift)
    i.DMA_CheckFifoParam                     0x08000ab0   Section        0  stm32f4xx_hal_dma.o(i.DMA_CheckFifoParam)
    DMA_CheckFifoParam                       0x08000ab1   Thumb Code    84  stm32f4xx_hal_dma.o(i.DMA_CheckFifoParam)
    i.DMA_SetConfig                          0x08000b04   Section        0  stm32f4xx_hal_dma.o(i.DMA_SetConfig)
    DMA_SetConfig                            0x08000b05   Thumb Code    40  stm32f4xx_hal_dma.o(i.DMA_SetConfig)
    i.DebugMon_Handler                       0x08000b2c   Section        0  stm32f4xx_it.o(i.DebugMon_Handler)
    i.FPU_IRQHandler                         0x08000b2e   Section        0  stm32f4xx_it.o(i.FPU_IRQHandler)
    i.FSMC_NORSRAM_Extended_Timing_Init      0x08000b30   Section        0  stm32f4xx_ll_fsmc.o(i.FSMC_NORSRAM_Extended_Timing_Init)
    i.FSMC_NORSRAM_Init                      0x08000b70   Section        0  stm32f4xx_ll_fsmc.o(i.FSMC_NORSRAM_Init)
    i.FSMC_NORSRAM_Timing_Init               0x08000bc4   Section        0  stm32f4xx_ll_fsmc.o(i.FSMC_NORSRAM_Timing_Init)
    i.GetGBKCode_SPIFLASH                    0x08000c08   Section        0  bsp_lcd.o(i.GetGBKCode_SPIFLASH)
    GetGBKCode_SPIFLASH                      0x08000c09   Thumb Code   160  bsp_lcd.o(i.GetGBKCode_SPIFLASH)
    i.HAL_ADC_ConfigChannel                  0x08000ce0   Section        0  stm32f4xx_hal_adc.o(i.HAL_ADC_ConfigChannel)
    i.HAL_ADC_ConvCpltCallback               0x08000e2c   Section        0  main.o(i.HAL_ADC_ConvCpltCallback)
    i.HAL_ADC_ConvHalfCpltCallback           0x08000e3c   Section        0  stm32f4xx_hal_adc.o(i.HAL_ADC_ConvHalfCpltCallback)
    i.HAL_ADC_ErrorCallback                  0x08000e3e   Section        0  stm32f4xx_hal_adc.o(i.HAL_ADC_ErrorCallback)
    i.HAL_ADC_Init                           0x08000e40   Section        0  stm32f4xx_hal_adc.o(i.HAL_ADC_Init)
    i.HAL_ADC_MspInit                        0x08000e94   Section        0  bsp_adc.o(i.HAL_ADC_MspInit)
    i.HAL_ADC_Start_DMA                      0x08000f38   Section        0  stm32f4xx_hal_adc.o(i.HAL_ADC_Start_DMA)
    i.HAL_DMA_IRQHandler                     0x08001038   Section        0  stm32f4xx_hal_dma.o(i.HAL_DMA_IRQHandler)
    i.HAL_DMA_Init                           0x080011e0   Section        0  stm32f4xx_hal_dma.o(i.HAL_DMA_Init)
    i.HAL_DMA_Start_IT                       0x080012b4   Section        0  stm32f4xx_hal_dma.o(i.HAL_DMA_Start_IT)
    i.HAL_Delay                              0x0800132c   Section        0  stm32f4xx_hal.o(i.HAL_Delay)
    i.HAL_FSMC_LCD_MspInit                   0x08001348   Section        0  bsp_lcd.o(i.HAL_FSMC_LCD_MspInit)
    HAL_FSMC_LCD_MspInit                     0x08001349   Thumb Code   250  bsp_lcd.o(i.HAL_FSMC_LCD_MspInit)
    i.HAL_GPIO_Init                          0x08001460   Section        0  stm32f4xx_hal_gpio.o(i.HAL_GPIO_Init)
    i.HAL_GPIO_WritePin                      0x08001610   Section        0  stm32f4xx_hal_gpio.o(i.HAL_GPIO_WritePin)
    i.HAL_GetTick                            0x0800161c   Section        0  stm32f4xx_hal.o(i.HAL_GetTick)
    i.HAL_IncTick                            0x08001628   Section        0  stm32f4xx_hal.o(i.HAL_IncTick)
    i.HAL_Init                               0x08001638   Section        0  stm32f4xx_hal.o(i.HAL_Init)
    i.HAL_InitTick                           0x0800166c   Section        0  stm32f4xx_hal.o(i.HAL_InitTick)
    i.HAL_MspInit                            0x08001694   Section        0  stm32f4xx_hal_msp.o(i.HAL_MspInit)
    i.HAL_NVIC_EnableIRQ                     0x080016ec   Section        0  stm32f4xx_hal_cortex.o(i.HAL_NVIC_EnableIRQ)
    i.HAL_NVIC_SetPriority                   0x08001704   Section        0  stm32f4xx_hal_cortex.o(i.HAL_NVIC_SetPriority)
    i.HAL_NVIC_SetPriorityGrouping           0x08001744   Section        0  stm32f4xx_hal_cortex.o(i.HAL_NVIC_SetPriorityGrouping)
    i.HAL_RCC_CSSCallback                    0x08001768   Section        0  stm32f4xx_hal_rcc.o(i.HAL_RCC_CSSCallback)
    i.HAL_RCC_ClockConfig                    0x0800176c   Section        0  stm32f4xx_hal_rcc.o(i.HAL_RCC_ClockConfig)
    i.HAL_RCC_EnableCSS                      0x080018e8   Section        0  stm32f4xx_hal_rcc.o(i.HAL_RCC_EnableCSS)
    i.HAL_RCC_GetHCLKFreq                    0x080018f4   Section        0  stm32f4xx_hal_rcc.o(i.HAL_RCC_GetHCLKFreq)
    i.HAL_RCC_GetPCLK1Freq                   0x08001900   Section        0  stm32f4xx_hal_rcc.o(i.HAL_RCC_GetPCLK1Freq)
    i.HAL_RCC_GetPCLK2Freq                   0x08001930   Section        0  stm32f4xx_hal_rcc.o(i.HAL_RCC_GetPCLK2Freq)
    i.HAL_RCC_GetSysClockFreq                0x08001960   Section        0  stm32f4xx_hal_rcc.o(i.HAL_RCC_GetSysClockFreq)
    i.HAL_RCC_NMI_IRQHandler                 0x080019d0   Section        0  stm32f4xx_hal_rcc.o(i.HAL_RCC_NMI_IRQHandler)
    i.HAL_RCC_OscConfig                      0x080019ec   Section        0  stm32f4xx_hal_rcc.o(i.HAL_RCC_OscConfig)
    i.HAL_SPI_Init                           0x08001d00   Section        0  stm32f4xx_hal_spi.o(i.HAL_SPI_Init)
    i.HAL_SPI_MspInit                        0x08001d80   Section        0  bsp_spiflash.o(i.HAL_SPI_MspInit)
    i.HAL_SPI_TransmitReceive                0x08001e1c   Section        0  stm32f4xx_hal_spi.o(i.HAL_SPI_TransmitReceive)
    i.HAL_SRAM_Init                          0x08001ff4   Section        0  stm32f4xx_hal_sram.o(i.HAL_SRAM_Init)
    i.HAL_SRAM_MspInit                       0x0800204a   Section        0  bsp_lcd.o(i.HAL_SRAM_MspInit)
    i.HAL_SYSTICK_CLKSourceConfig            0x0800204e   Section        0  stm32f4xx_hal_cortex.o(i.HAL_SYSTICK_CLKSourceConfig)
    i.HAL_SYSTICK_Callback                   0x08002066   Section        0  stm32f4xx_hal_cortex.o(i.HAL_SYSTICK_Callback)
    i.HAL_SYSTICK_Config                     0x08002068   Section        0  stm32f4xx_hal_cortex.o(i.HAL_SYSTICK_Config)
    i.HAL_SYSTICK_IRQHandler                 0x08002090   Section        0  stm32f4xx_hal_cortex.o(i.HAL_SYSTICK_IRQHandler)
    i.HAL_TIMEx_BreakCallback                0x08002098   Section        0  stm32f4xx_hal_tim_ex.o(i.HAL_TIMEx_BreakCallback)
    i.HAL_TIMEx_CommutationCallback          0x0800209a   Section        0  stm32f4xx_hal_tim_ex.o(i.HAL_TIMEx_CommutationCallback)
    i.HAL_TIMEx_ConfigBreakDeadTime          0x0800209c   Section        0  stm32f4xx_hal_tim_ex.o(i.HAL_TIMEx_ConfigBreakDeadTime)
    i.HAL_TIMEx_MasterConfigSynchronization  0x080020f6   Section        0  stm32f4xx_hal_tim_ex.o(i.HAL_TIMEx_MasterConfigSynchronization)
    i.HAL_TIM_Base_Init                      0x08002146   Section        0  stm32f4xx_hal_tim.o(i.HAL_TIM_Base_Init)
    i.HAL_TIM_Base_MspInit                   0x0800217c   Section        0  bsp_stepmotor.o(i.HAL_TIM_Base_MspInit)
    i.HAL_TIM_Base_Start                     0x080021a4   Section        0  stm32f4xx_hal_tim.o(i.HAL_TIM_Base_Start)
    i.HAL_TIM_ConfigClockSource              0x080021be   Section        0  stm32f4xx_hal_tim.o(i.HAL_TIM_ConfigClockSource)
    i.HAL_TIM_IC_CaptureCallback             0x080022b0   Section        0  stm32f4xx_hal_tim.o(i.HAL_TIM_IC_CaptureCallback)
    i.HAL_TIM_IRQHandler                     0x080022b2   Section        0  stm32f4xx_hal_tim.o(i.HAL_TIM_IRQHandler)
    i.HAL_TIM_OC_ConfigChannel               0x08002418   Section        0  stm32f4xx_hal_tim.o(i.HAL_TIM_OC_ConfigChannel)
    i.HAL_TIM_OC_DelayElapsedCallback        0x08002470   Section        0  main.o(i.HAL_TIM_OC_DelayElapsedCallback)
    i.HAL_TIM_OC_Init                        0x080024c0   Section        0  stm32f4xx_hal_tim.o(i.HAL_TIM_OC_Init)
    i.HAL_TIM_OC_MspInit                     0x080024f6   Section        0  stm32f4xx_hal_tim.o(i.HAL_TIM_OC_MspInit)
    i.HAL_TIM_OC_Start_IT                    0x080024f8   Section        0  stm32f4xx_hal_tim.o(i.HAL_TIM_OC_Start_IT)
    i.HAL_TIM_PWM_PulseFinishedCallback      0x08002564   Section        0  stm32f4xx_hal_tim.o(i.HAL_TIM_PWM_PulseFinishedCallback)
    i.HAL_TIM_PeriodElapsedCallback          0x08002566   Section        0  stm32f4xx_hal_tim.o(i.HAL_TIM_PeriodElapsedCallback)
    i.HAL_TIM_TriggerCallback                0x08002568   Section        0  stm32f4xx_hal_tim.o(i.HAL_TIM_TriggerCallback)
    i.HAL_UART_Init                          0x0800256a   Section        0  stm32f4xx_hal_uart.o(i.HAL_UART_Init)
    i.HAL_UART_MspInit                       0x080025cc   Section        0  bsp_debug_usart.o(i.HAL_UART_MspInit)
    i.HAL_UART_Transmit                      0x08002624   Section        0  stm32f4xx_hal_uart.o(i.HAL_UART_Transmit)
    i.HardFault_Handler                      0x080026de   Section        0  stm32f4xx_it.o(i.HardFault_Handler)
    i.ILI9488_REG_Config                     0x080026e0   Section        0  bsp_lcd.o(i.ILI9488_REG_Config)
    ILI9488_REG_Config                       0x080026e1   Thumb Code   262  bsp_lcd.o(i.ILI9488_REG_Config)
    i.KEY_GPIO_Init                          0x080027e8   Section        0  bsp_key.o(i.KEY_GPIO_Init)
    i.LCD_Clear                              0x08002870   Section        0  bsp_lcd.o(i.LCD_Clear)
    i.LCD_DispCHAR_CH                        0x0800288a   Section        0  bsp_lcd.o(i.LCD_DispCHAR_CH)
    i.LCD_DispChar_EN                        0x08002920   Section        0  bsp_lcd.o(i.LCD_DispChar_EN)
    i.LCD_DispString_EN                      0x080029d4   Section        0  bsp_lcd.o(i.LCD_DispString_EN)
    i.LCD_DispString_EN_CH                   0x08002a62   Section        0  bsp_lcd.o(i.LCD_DispString_EN_CH)
    i.LCD_FillColor                          0x08002b5e   Section        0  bsp_lcd.o(i.LCD_FillColor)
    LCD_FillColor                            0x08002b5f   Thumb Code    24  bsp_lcd.o(i.LCD_FillColor)
    i.LCD_OpenWindow                         0x08002b76   Section        0  bsp_lcd.o(i.LCD_OpenWindow)
    i.LCD_SetDirection                       0x08002bae   Section        0  bsp_lcd.o(i.LCD_SetDirection)
    i.MX_ADCx_Init                           0x08002c2c   Section        0  bsp_adc.o(i.MX_ADCx_Init)
    i.MX_DEBUG_USART_Init                    0x08002c88   Section        0  bsp_debug_usart.o(i.MX_DEBUG_USART_Init)
    i.MX_DMA_Init                            0x08002ccc   Section        0  bsp_adc.o(i.MX_DMA_Init)
    i.MX_FSMC_Init                           0x08002cf8   Section        0  bsp_lcd.o(i.MX_FSMC_Init)
    i.MX_SPIFlash_Init                       0x08002d54   Section        0  bsp_spiflash.o(i.MX_SPIFlash_Init)
    i.MemManage_Handler                      0x08002d8c   Section        0  stm32f4xx_it.o(i.MemManage_Handler)
    i.NMI_Handler                            0x08002d8e   Section        0  stm32f4xx_it.o(i.NMI_Handler)
    i.NVIC_SetPriority                       0x08002d92   Section        0  stm32f4xx_hal_cortex.o(i.NVIC_SetPriority)
    NVIC_SetPriority                         0x08002d93   Thumb Code    32  stm32f4xx_hal_cortex.o(i.NVIC_SetPriority)
    i.PendSV_Handler                         0x08002db2   Section        0  stm32f4xx_it.o(i.PendSV_Handler)
    i.SPI_CheckFlag_BSY                      0x08002db4   Section        0  stm32f4xx_hal_spi.o(i.SPI_CheckFlag_BSY)
    SPI_CheckFlag_BSY                        0x08002db5   Thumb Code    32  stm32f4xx_hal_spi.o(i.SPI_CheckFlag_BSY)
    i.SPI_FLASH_BufferRead                   0x08002dd4   Section        0  bsp_spiflash.o(i.SPI_FLASH_BufferRead)
    i.SPI_FLASH_ReadDeviceID                 0x08002e2c   Section        0  bsp_spiflash.o(i.SPI_FLASH_ReadDeviceID)
    i.SPI_FLASH_ReadID                       0x08002e6c   Section        0  bsp_spiflash.o(i.SPI_FLASH_ReadID)
    i.SPI_FLASH_SendByte                     0x08002eb4   Section        0  bsp_spiflash.o(i.SPI_FLASH_SendByte)
    i.SPI_WaitFlagStateUntilTimeout          0x08002ee0   Section        0  stm32f4xx_hal_spi.o(i.SPI_WaitFlagStateUntilTimeout)
    SPI_WaitFlagStateUntilTimeout            0x08002ee1   Thumb Code   150  stm32f4xx_hal_spi.o(i.SPI_WaitFlagStateUntilTimeout)
    i.STEPMOTOR_GPIO_Init                    0x08002f78   Section        0  bsp_stepmotor.o(i.STEPMOTOR_GPIO_Init)
    STEPMOTOR_GPIO_Init                      0x08002f79   Thumb Code   274  bsp_stepmotor.o(i.STEPMOTOR_GPIO_Init)
    i.STEPMOTOR_TIMx_Init                    0x0800309c   Section        0  bsp_stepmotor.o(i.STEPMOTOR_TIMx_Init)
    i.SVC_Handler                            0x08003148   Section        0  stm32f4xx_it.o(i.SVC_Handler)
    i.SysTick_Handler                        0x0800314a   Section        0  stm32f4xx_it.o(i.SysTick_Handler)
    i.SystemClock_Config                     0x08003158   Section        0  main.o(i.SystemClock_Config)
    i.SystemInit                             0x080031f4   Section        0  system_stm32f4xx.o(i.SystemInit)
    i.TIM8_CC_IRQHandler                     0x08003248   Section        0  stm32f4xx_it.o(i.TIM8_CC_IRQHandler)
    i.TIM_Base_SetConfig                     0x08003254   Section        0  stm32f4xx_hal_tim.o(i.TIM_Base_SetConfig)
    i.TIM_CCxChannelCmd                      0x08003314   Section        0  stm32f4xx_hal_tim.o(i.TIM_CCxChannelCmd)
    i.TIM_ETR_SetConfig                      0x0800332a   Section        0  stm32f4xx_hal_tim.o(i.TIM_ETR_SetConfig)
    TIM_ETR_SetConfig                        0x0800332b   Thumb Code    20  stm32f4xx_hal_tim.o(i.TIM_ETR_SetConfig)
    i.TIM_ITRx_SetConfig                     0x0800333e   Section        0  stm32f4xx_hal_tim.o(i.TIM_ITRx_SetConfig)
    TIM_ITRx_SetConfig                       0x0800333f   Thumb Code    16  stm32f4xx_hal_tim.o(i.TIM_ITRx_SetConfig)
    i.TIM_OC1_SetConfig                      0x08003350   Section        0  stm32f4xx_hal_tim.o(i.TIM_OC1_SetConfig)
    TIM_OC1_SetConfig                        0x08003351   Thumb Code    80  stm32f4xx_hal_tim.o(i.TIM_OC1_SetConfig)
    i.TIM_OC2_SetConfig                      0x080033a8   Section        0  stm32f4xx_hal_tim.o(i.TIM_OC2_SetConfig)
    i.TIM_OC3_SetConfig                      0x0800340c   Section        0  stm32f4xx_hal_tim.o(i.TIM_OC3_SetConfig)
    TIM_OC3_SetConfig                        0x0800340d   Thumb Code    88  stm32f4xx_hal_tim.o(i.TIM_OC3_SetConfig)
    i.TIM_OC4_SetConfig                      0x0800346c   Section        0  stm32f4xx_hal_tim.o(i.TIM_OC4_SetConfig)
    TIM_OC4_SetConfig                        0x0800346d   Thumb Code    70  stm32f4xx_hal_tim.o(i.TIM_OC4_SetConfig)
    i.TIM_TI1_ConfigInputStage               0x080034bc   Section        0  stm32f4xx_hal_tim.o(i.TIM_TI1_ConfigInputStage)
    TIM_TI1_ConfigInputStage                 0x080034bd   Thumb Code    34  stm32f4xx_hal_tim.o(i.TIM_TI1_ConfigInputStage)
    i.TIM_TI2_ConfigInputStage               0x080034de   Section        0  stm32f4xx_hal_tim.o(i.TIM_TI2_ConfigInputStage)
    TIM_TI2_ConfigInputStage                 0x080034df   Thumb Code    36  stm32f4xx_hal_tim.o(i.TIM_TI2_ConfigInputStage)
    i.UART_SetConfig                         0x08003504   Section        0  stm32f4xx_hal_uart.o(i.UART_SetConfig)
    UART_SetConfig                           0x08003505   Thumb Code   676  stm32f4xx_hal_uart.o(i.UART_SetConfig)
    i.UART_WaitOnFlagUntilTimeout            0x080037b0   Section        0  stm32f4xx_hal_uart.o(i.UART_WaitOnFlagUntilTimeout)
    UART_WaitOnFlagUntilTimeout              0x080037b1   Thumb Code   100  stm32f4xx_hal_uart.o(i.UART_WaitOnFlagUntilTimeout)
    i.UsageFault_Handler                     0x08003814   Section        0  stm32f4xx_it.o(i.UsageFault_Handler)
    i.__0printf                              0x08003818   Section        0  printfa.o(i.__0printf)
    i.__0sprintf                             0x08003838   Section        0  printfa.o(i.__0sprintf)
    i.__scatterload_copy                     0x08003860   Section       14  handlers.o(i.__scatterload_copy)
    i.__scatterload_null                     0x0800386e   Section        2  handlers.o(i.__scatterload_null)
    i.__scatterload_zeroinit                 0x08003870   Section       14  handlers.o(i.__scatterload_zeroinit)
    i._fp_digits                             0x08003880   Section        0  printfa.o(i._fp_digits)
    _fp_digits                               0x08003881   Thumb Code   334  printfa.o(i._fp_digits)
    i._printf_core                           0x080039e4   Section        0  printfa.o(i._printf_core)
    _printf_core                             0x080039e5   Thumb Code  1744  printfa.o(i._printf_core)
    i._printf_post_padding                   0x080040c0   Section        0  printfa.o(i._printf_post_padding)
    _printf_post_padding                     0x080040c1   Thumb Code    36  printfa.o(i._printf_post_padding)
    i._printf_pre_padding                    0x080040e4   Section        0  printfa.o(i._printf_pre_padding)
    _printf_pre_padding                      0x080040e5   Thumb Code    46  printfa.o(i._printf_pre_padding)
    i._sputc                                 0x08004112   Section        0  printfa.o(i._sputc)
    _sputc                                   0x08004113   Thumb Code    10  printfa.o(i._sputc)
    i.fputc                                  0x0800411c   Section        0  bsp_debug_usart.o(i.fputc)
    i.main                                   0x08004134   Section        0  main.o(i.main)
    .constdata                               0x0800508c   Section        8  stm32f4xx_hal_dma.o(.constdata)
    flagBitshiftOffset                       0x0800508c   Data           8  stm32f4xx_hal_dma.o(.constdata)
    .constdata                               0x08005094   Section       16  system_stm32f4xx.o(.constdata)
    .constdata                               0x080050a4   Section        8  system_stm32f4xx.o(.constdata)
    .constdata                               0x080050ac   Section     6080  bsp_lcd.o(.constdata)
    .data                                    0x20000000   Section       28  main.o(.data)
    .data                                    0x2000001c   Section        4  stm32f4xx_hal.o(.data)
    .data                                    0x20000020   Section        4  system_stm32f4xx.o(.data)
    .data                                    0x20000024   Section        4  bsp_stepmotor.o(.data)
    .data                                    0x20000028   Section       16  bsp_lcd.o(.data)
    startflag                                0x20000028   Data           1  bsp_lcd.o(.data)
    FSMC_LCD_Initialized                     0x20000030   Data           4  bsp_lcd.o(.data)
    FSMC_LCD_DeInitialized                   0x20000034   Data           4  bsp_lcd.o(.data)
    .data                                    0x20000038   Section        4  rand.o(.data)
    _rand_state                              0x20000038   Data           4  rand.o(.data)
    .data                                    0x2000003c   Section        4  stdout.o(.data)
    .bss                                     0x20000040   Section       60  bsp_stepmotor.o(.bss)
    .bss                                     0x2000007c   Section      168  bsp_adc.o(.bss)
    .bss                                     0x20000124   Section       64  bsp_debug_usart.o(.bss)
    .bss                                     0x20000164   Section       80  bsp_lcd.o(.bss)
    .bss                                     0x200001b4   Section       88  bsp_spiflash.o(.bss)
    STACK                                    0x20000210   Section     4096  startup_stm32f407xx.o(STACK)

    Global Symbols

    Symbol Name                              Value     Ov Type        Size  Object(Section)

    BuildAttributes$$THM_ISAv4$E$P$D$K$B$S$7EM$VFPi3$EXTD16$VFPS$VFMA$PE$A:L22UL41UL21$X:L11$S22US41US21$IEEE1$IW$USESV6$~STKCKD$USESV7$~SHL$OTIME$ROPI$EBA8$MICROLIB$REQ8$PRES8$EABIv2 0x00000000   Number         0  anon$$obj.o ABSOLUTE
    __ARM_use_no_argv                        0x00000000   Number         0  main.o ABSOLUTE
    _printf_a                                0x00000000   Number         0  stubs.o ABSOLUTE
    _printf_c                                0x00000000   Number         0  stubs.o ABSOLUTE
    _printf_charcount                        0x00000000   Number         0  stubs.o ABSOLUTE
    _printf_d                                0x00000000   Number         0  stubs.o ABSOLUTE
    _printf_e                                0x00000000   Number         0  stubs.o ABSOLUTE
    _printf_f                                0x00000000   Number         0  stubs.o ABSOLUTE
    _printf_flags                            0x00000000   Number         0  stubs.o ABSOLUTE
    _printf_fp_dec                           0x00000000   Number         0  stubs.o ABSOLUTE
    _printf_fp_hex                           0x00000000   Number         0  stubs.o ABSOLUTE
    _printf_g                                0x00000000   Number         0  stubs.o ABSOLUTE
    _printf_i                                0x00000000   Number         0  stubs.o ABSOLUTE
    _printf_int_dec                          0x00000000   Number         0  stubs.o ABSOLUTE
    _printf_l                                0x00000000   Number         0  stubs.o ABSOLUTE
    _printf_lc                               0x00000000   Number         0  stubs.o ABSOLUTE
    _printf_ll                               0x00000000   Number         0  stubs.o ABSOLUTE
    _printf_lld                              0x00000000   Number         0  stubs.o ABSOLUTE
    _printf_lli                              0x00000000   Number         0  stubs.o ABSOLUTE
    _printf_llo                              0x00000000   Number         0  stubs.o ABSOLUTE
    _printf_llu                              0x00000000   Number         0  stubs.o ABSOLUTE
    _printf_llx                              0x00000000   Number         0  stubs.o ABSOLUTE
    _printf_longlong_dec                     0x00000000   Number         0  stubs.o ABSOLUTE
    _printf_longlong_hex                     0x00000000   Number         0  stubs.o ABSOLUTE
    _printf_longlong_oct                     0x00000000   Number         0  stubs.o ABSOLUTE
    _printf_ls                               0x00000000   Number         0  stubs.o ABSOLUTE
    _printf_mbtowc                           0x00000000   Number         0  stubs.o ABSOLUTE
    _printf_n                                0x00000000   Number         0  stubs.o ABSOLUTE
    _printf_o                                0x00000000   Number         0  stubs.o ABSOLUTE
    _printf_p                                0x00000000   Number         0  stubs.o ABSOLUTE
    _printf_percent                          0x00000000   Number         0  stubs.o ABSOLUTE
    _printf_pre_padding                      0x00000000   Number         0  stubs.o ABSOLUTE
    _printf_return_value                     0x00000000   Number         0  stubs.o ABSOLUTE
    _printf_s                                0x00000000   Number         0  stubs.o ABSOLUTE
    _printf_sizespec                         0x00000000   Number         0  stubs.o ABSOLUTE
    _printf_str                              0x00000000   Number         0  stubs.o ABSOLUTE
    _printf_truncate_signed                  0x00000000   Number         0  stubs.o ABSOLUTE
    _printf_truncate_unsigned                0x00000000   Number         0  stubs.o ABSOLUTE
    _printf_u                                0x00000000   Number         0  stubs.o ABSOLUTE
    _printf_wc                               0x00000000   Number         0  stubs.o ABSOLUTE
    _printf_wctomb                           0x00000000   Number         0  stubs.o ABSOLUTE
    _printf_widthprec                        0x00000000   Number         0  stubs.o ABSOLUTE
    _printf_x                                0x00000000   Number         0  stubs.o ABSOLUTE
    __cpp_initialize__aeabi_                  - Undefined Weak Reference
    __cxa_finalize                            - Undefined Weak Reference
    __decompress                              - Undefined Weak Reference
    _clock_init                               - Undefined Weak Reference
    _microlib_exit                            - Undefined Weak Reference
    __Vectors_Size                           0x00000188   Number         0  startup_stm32f407xx.o ABSOLUTE
    __Vectors                                0x08000000   Data           4  startup_stm32f407xx.o(RESET)
    __Vectors_End                            0x08000188   Data           0  startup_stm32f407xx.o(RESET)
    __main                                   0x08000189   Thumb Code     0  entry.o(.ARM.Collect$$$$00000000)
    _main_stk                                0x08000189   Thumb Code     0  entry2.o(.ARM.Collect$$$$00000001)
    _main_scatterload                        0x0800018d   Thumb Code     0  entry5.o(.ARM.Collect$$$$00000004)
    __main_after_scatterload                 0x08000191   Thumb Code     0  entry5.o(.ARM.Collect$$$$00000004)
    _main_clock                              0x08000191   Thumb Code     0  entry7b.o(.ARM.Collect$$$$00000008)
    _main_cpp_init                           0x08000191   Thumb Code     0  entry8b.o(.ARM.Collect$$$$0000000A)
    _main_init                               0x08000191   Thumb Code     0  entry9a.o(.ARM.Collect$$$$0000000B)
    __rt_final_cpp                           0x08000199   Thumb Code     0  entry10a.o(.ARM.Collect$$$$0000000D)
    __rt_final_exit                          0x08000199   Thumb Code     0  entry11a.o(.ARM.Collect$$$$0000000F)
    Reset_Handler                            0x0800019d   Thumb Code     8  startup_stm32f407xx.o(.text)
    ADC_IRQHandler                           0x080001b7   Thumb Code     0  startup_stm32f407xx.o(.text)
    CAN1_RX0_IRQHandler                      0x080001b7   Thumb Code     0  startup_stm32f407xx.o(.text)
    CAN1_RX1_IRQHandler                      0x080001b7   Thumb Code     0  startup_stm32f407xx.o(.text)
    CAN1_SCE_IRQHandler                      0x080001b7   Thumb Code     0  startup_stm32f407xx.o(.text)
    CAN1_TX_IRQHandler                       0x080001b7   Thumb Code     0  startup_stm32f407xx.o(.text)
    CAN2_RX0_IRQHandler                      0x080001b7   Thumb Code     0  startup_stm32f407xx.o(.text)
    CAN2_RX1_IRQHandler                      0x080001b7   Thumb Code     0  startup_stm32f407xx.o(.text)
    CAN2_SCE_IRQHandler                      0x080001b7   Thumb Code     0  startup_stm32f407xx.o(.text)
    CAN2_TX_IRQHandler                       0x080001b7   Thumb Code     0  startup_stm32f407xx.o(.text)
    DCMI_IRQHandler                          0x080001b7   Thumb Code     0  startup_stm32f407xx.o(.text)
    DMA1_Stream0_IRQHandler                  0x080001b7   Thumb Code     0  startup_stm32f407xx.o(.text)
    DMA1_Stream1_IRQHandler                  0x080001b7   Thumb Code     0  startup_stm32f407xx.o(.text)
    DMA1_Stream2_IRQHandler                  0x080001b7   Thumb Code     0  startup_stm32f407xx.o(.text)
    DMA1_Stream3_IRQHandler                  0x080001b7   Thumb Code     0  startup_stm32f407xx.o(.text)
    DMA1_Stream4_IRQHandler                  0x080001b7   Thumb Code     0  startup_stm32f407xx.o(.text)
    DMA1_Stream5_IRQHandler                  0x080001b7   Thumb Code     0  startup_stm32f407xx.o(.text)
    DMA1_Stream6_IRQHandler                  0x080001b7   Thumb Code     0  startup_stm32f407xx.o(.text)
    DMA1_Stream7_IRQHandler                  0x080001b7   Thumb Code     0  startup_stm32f407xx.o(.text)
    DMA2_Stream1_IRQHandler                  0x080001b7   Thumb Code     0  startup_stm32f407xx.o(.text)
    DMA2_Stream2_IRQHandler                  0x080001b7   Thumb Code     0  startup_stm32f407xx.o(.text)
    DMA2_Stream3_IRQHandler                  0x080001b7   Thumb Code     0  startup_stm32f407xx.o(.text)
    DMA2_Stream4_IRQHandler                  0x080001b7   Thumb Code     0  startup_stm32f407xx.o(.text)
    DMA2_Stream5_IRQHandler                  0x080001b7   Thumb Code     0  startup_stm32f407xx.o(.text)
    DMA2_Stream6_IRQHandler                  0x080001b7   Thumb Code     0  startup_stm32f407xx.o(.text)
    DMA2_Stream7_IRQHandler                  0x080001b7   Thumb Code     0  startup_stm32f407xx.o(.text)
    ETH_IRQHandler                           0x080001b7   Thumb Code     0  startup_stm32f407xx.o(.text)
    ETH_WKUP_IRQHandler                      0x080001b7   Thumb Code     0  startup_stm32f407xx.o(.text)
    EXTI0_IRQHandler                         0x080001b7   Thumb Code     0  startup_stm32f407xx.o(.text)
    EXTI15_10_IRQHandler                     0x080001b7   Thumb Code     0  startup_stm32f407xx.o(.text)
    EXTI1_IRQHandler                         0x080001b7   Thumb Code     0  startup_stm32f407xx.o(.text)
    EXTI2_IRQHandler                         0x080001b7   Thumb Code     0  startup_stm32f407xx.o(.text)
    EXTI3_IRQHandler                         0x080001b7   Thumb Code     0  startup_stm32f407xx.o(.text)
    EXTI4_IRQHandler                         0x080001b7   Thumb Code     0  startup_stm32f407xx.o(.text)
    EXTI9_5_IRQHandler                       0x080001b7   Thumb Code     0  startup_stm32f407xx.o(.text)
    FLASH_IRQHandler                         0x080001b7   Thumb Code     0  startup_stm32f407xx.o(.text)
    FMC_IRQHandler                           0x080001b7   Thumb Code     0  startup_stm32f407xx.o(.text)
    HASH_RNG_IRQHandler                      0x080001b7   Thumb Code     0  startup_stm32f407xx.o(.text)
    I2C1_ER_IRQHandler                       0x080001b7   Thumb Code     0  startup_stm32f407xx.o(.text)
    I2C1_EV_IRQHandler                       0x080001b7   Thumb Code     0  startup_stm32f407xx.o(.text)
    I2C2_ER_IRQHandler                       0x080001b7   Thumb Code     0  startup_stm32f407xx.o(.text)
    I2C2_EV_IRQHandler                       0x080001b7   Thumb Code     0  startup_stm32f407xx.o(.text)
    I2C3_ER_IRQHandler                       0x080001b7   Thumb Code     0  startup_stm32f407xx.o(.text)
    I2C3_EV_IRQHandler                       0x080001b7   Thumb Code     0  startup_stm32f407xx.o(.text)
    OTG_FS_IRQHandler                        0x080001b7   Thumb Code     0  startup_stm32f407xx.o(.text)
    OTG_FS_WKUP_IRQHandler                   0x080001b7   Thumb Code     0  startup_stm32f407xx.o(.text)
    OTG_HS_EP1_IN_IRQHandler                 0x080001b7   Thumb Code     0  startup_stm32f407xx.o(.text)
    OTG_HS_EP1_OUT_IRQHandler                0x080001b7   Thumb Code     0  startup_stm32f407xx.o(.text)
    OTG_HS_IRQHandler                        0x080001b7   Thumb Code     0  startup_stm32f407xx.o(.text)
    OTG_HS_WKUP_IRQHandler                   0x080001b7   Thumb Code     0  startup_stm32f407xx.o(.text)
    PVD_IRQHandler                           0x080001b7   Thumb Code     0  startup_stm32f407xx.o(.text)
    RCC_IRQHandler                           0x080001b7   Thumb Code     0  startup_stm32f407xx.o(.text)
    RTC_Alarm_IRQHandler                     0x080001b7   Thumb Code     0  startup_stm32f407xx.o(.text)
    RTC_WKUP_IRQHandler                      0x080001b7   Thumb Code     0  startup_stm32f407xx.o(.text)
    SDIO_IRQHandler                          0x080001b7   Thumb Code     0  startup_stm32f407xx.o(.text)
    SPI1_IRQHandler                          0x080001b7   Thumb Code     0  startup_stm32f407xx.o(.text)
    SPI2_IRQHandler                          0x080001b7   Thumb Code     0  startup_stm32f407xx.o(.text)
    SPI3_IRQHandler                          0x080001b7   Thumb Code     0  startup_stm32f407xx.o(.text)
    TAMP_STAMP_IRQHandler                    0x080001b7   Thumb Code     0  startup_stm32f407xx.o(.text)
    TIM1_BRK_TIM9_IRQHandler                 0x080001b7   Thumb Code     0  startup_stm32f407xx.o(.text)
    TIM1_CC_IRQHandler                       0x080001b7   Thumb Code     0  startup_stm32f407xx.o(.text)
    TIM1_TRG_COM_TIM11_IRQHandler            0x080001b7   Thumb Code     0  startup_stm32f407xx.o(.text)
    TIM1_UP_TIM10_IRQHandler                 0x080001b7   Thumb Code     0  startup_stm32f407xx.o(.text)
    TIM2_IRQHandler                          0x080001b7   Thumb Code     0  startup_stm32f407xx.o(.text)
    TIM3_IRQHandler                          0x080001b7   Thumb Code     0  startup_stm32f407xx.o(.text)
    TIM4_IRQHandler                          0x080001b7   Thumb Code     0  startup_stm32f407xx.o(.text)
    TIM5_IRQHandler                          0x080001b7   Thumb Code     0  startup_stm32f407xx.o(.text)
    TIM6_DAC_IRQHandler                      0x080001b7   Thumb Code     0  startup_stm32f407xx.o(.text)
    TIM7_IRQHandler                          0x080001b7   Thumb Code     0  startup_stm32f407xx.o(.text)
    TIM8_BRK_TIM12_IRQHandler                0x080001b7   Thumb Code     0  startup_stm32f407xx.o(.text)
    TIM8_TRG_COM_TIM14_IRQHandler            0x080001b7   Thumb Code     0  startup_stm32f407xx.o(.text)
    TIM8_UP_TIM13_IRQHandler                 0x080001b7   Thumb Code     0  startup_stm32f407xx.o(.text)
    UART4_IRQHandler                         0x080001b7   Thumb Code     0  startup_stm32f407xx.o(.text)
    UART5_IRQHandler                         0x080001b7   Thumb Code     0  startup_stm32f407xx.o(.text)
    USART1_IRQHandler                        0x080001b7   Thumb Code     0  startup_stm32f407xx.o(.text)
    USART2_IRQHandler                        0x080001b7   Thumb Code     0  startup_stm32f407xx.o(.text)
    USART3_IRQHandler                        0x080001b7   Thumb Code     0  startup_stm32f407xx.o(.text)
    USART6_IRQHandler                        0x080001b7   Thumb Code     0  startup_stm32f407xx.o(.text)
    WWDG_IRQHandler                          0x080001b7   Thumb Code     0  startup_stm32f407xx.o(.text)
    rand                                     0x080001c1   Thumb Code    20  rand.o(.text)
    srand                                    0x080001d5   Thumb Code     6  rand.o(.text)
    __aeabi_dadd                             0x080001e5   Thumb Code   322  dadd.o(.text)
    __aeabi_dsub                             0x08000327   Thumb Code     6  dadd.o(.text)
    __aeabi_drsub                            0x0800032d   Thumb Code     6  dadd.o(.text)
    __aeabi_dmul                             0x08000333   Thumb Code   228  dmul.o(.text)
    __aeabi_ddiv                             0x08000417   Thumb Code   222  ddiv.o(.text)
    __aeabi_i2d                              0x080004f5   Thumb Code    34  dflti.o(.text)
    __aeabi_ui2d                             0x08000517   Thumb Code    26  dfltui.o(.text)
    __aeabi_d2iz                             0x08000531   Thumb Code    62  dfixi.o(.text)
    __aeabi_f2d                              0x0800056f   Thumb Code    38  f2d.o(.text)
    __aeabi_d2f                              0x08000595   Thumb Code    56  d2f.o(.text)
    __aeabi_uidiv                            0x080005cd   Thumb Code     0  uidiv.o(.text)
    __aeabi_uidivmod                         0x080005cd   Thumb Code    44  uidiv.o(.text)
    __aeabi_uldivmod                         0x080005f9   Thumb Code    98  uldiv.o(.text)
    __aeabi_llsl                             0x0800065b   Thumb Code    30  llshl.o(.text)
    _ll_shift_l                              0x0800065b   Thumb Code     0  llshl.o(.text)
    __aeabi_llsr                             0x08000679   Thumb Code    32  llushr.o(.text)
    _ll_ushift_r                             0x08000679   Thumb Code     0  llushr.o(.text)
    __aeabi_lasr                             0x08000699   Thumb Code    36  llsshr.o(.text)
    _ll_sshift_r                             0x08000699   Thumb Code     0  llsshr.o(.text)
    __I$use$fp                               0x080006bd   Thumb Code     0  iusefp.o(.text)
    _float_round                             0x080006bd   Thumb Code    18  fepilogue.o(.text)
    _float_epilogue                          0x080006cf   Thumb Code    92  fepilogue.o(.text)
    _double_round                            0x0800072b   Thumb Code    30  depilogue.o(.text)
    _double_epilogue                         0x08000749   Thumb Code   156  depilogue.o(.text)
    __aeabi_d2ulz                            0x080007e5   Thumb Code    48  dfixul.o(.text)
    __aeabi_cdrcmple                         0x08000815   Thumb Code    48  cdrcmple.o(.text)
    __scatterload                            0x08000845   Thumb Code    28  init.o(.text)
    __scatterload_rt2                        0x08000845   Thumb Code     0  init.o(.text)
    BSP_LCD_Init                             0x08000a19   Thumb Code    92  bsp_lcd.o(i.BSP_LCD_Init)
    BusFault_Handler                         0x08000a79   Thumb Code     2  stm32f4xx_it.o(i.BusFault_Handler)
    DMA2_Stream0_IRQHandler                  0x08000a7d   Thumb Code     6  stm32f4xx_it.o(i.DMA2_Stream0_IRQHandler)
    DebugMon_Handler                         0x08000b2d   Thumb Code     2  stm32f4xx_it.o(i.DebugMon_Handler)
    FPU_IRQHandler                           0x08000b2f   Thumb Code     2  stm32f4xx_it.o(i.FPU_IRQHandler)
    FSMC_NORSRAM_Extended_Timing_Init        0x08000b31   Thumb Code    60  stm32f4xx_ll_fsmc.o(i.FSMC_NORSRAM_Extended_Timing_Init)
    FSMC_NORSRAM_Init                        0x08000b71   Thumb Code    80  stm32f4xx_ll_fsmc.o(i.FSMC_NORSRAM_Init)
    FSMC_NORSRAM_Timing_Init                 0x08000bc5   Thumb Code    64  stm32f4xx_ll_fsmc.o(i.FSMC_NORSRAM_Timing_Init)
    HAL_ADC_ConfigChannel                    0x08000ce1   Thumb Code   316  stm32f4xx_hal_adc.o(i.HAL_ADC_ConfigChannel)
    HAL_ADC_ConvCpltCallback                 0x08000e2d   Thumb Code    10  main.o(i.HAL_ADC_ConvCpltCallback)
    HAL_ADC_ConvHalfCpltCallback             0x08000e3d   Thumb Code     2  stm32f4xx_hal_adc.o(i.HAL_ADC_ConvHalfCpltCallback)
    HAL_ADC_ErrorCallback                    0x08000e3f   Thumb Code     2  stm32f4xx_hal_adc.o(i.HAL_ADC_ErrorCallback)
    HAL_ADC_Init                             0x08000e41   Thumb Code    84  stm32f4xx_hal_adc.o(i.HAL_ADC_Init)
    HAL_ADC_MspInit                          0x08000e95   Thumb Code   144  bsp_adc.o(i.HAL_ADC_MspInit)
    HAL_ADC_Start_DMA                        0x08000f39   Thumb Code   228  stm32f4xx_hal_adc.o(i.HAL_ADC_Start_DMA)
    HAL_DMA_IRQHandler                       0x08001039   Thumb Code   414  stm32f4xx_hal_dma.o(i.HAL_DMA_IRQHandler)
    HAL_DMA_Init                             0x080011e1   Thumb Code   206  stm32f4xx_hal_dma.o(i.HAL_DMA_Init)
    HAL_DMA_Start_IT                         0x080012b5   Thumb Code   120  stm32f4xx_hal_dma.o(i.HAL_DMA_Start_IT)
    HAL_Delay                                0x0800132d   Thumb Code    28  stm32f4xx_hal.o(i.HAL_Delay)
    HAL_GPIO_Init                            0x08001461   Thumb Code   388  stm32f4xx_hal_gpio.o(i.HAL_GPIO_Init)
    HAL_GPIO_WritePin                        0x08001611   Thumb Code    10  stm32f4xx_hal_gpio.o(i.HAL_GPIO_WritePin)
    HAL_GetTick                              0x0800161d   Thumb Code     6  stm32f4xx_hal.o(i.HAL_GetTick)
    HAL_IncTick                              0x08001629   Thumb Code    10  stm32f4xx_hal.o(i.HAL_IncTick)
    HAL_Init                                 0x08001639   Thumb Code    48  stm32f4xx_hal.o(i.HAL_Init)
    HAL_InitTick                             0x0800166d   Thumb Code    34  stm32f4xx_hal.o(i.HAL_InitTick)
    HAL_MspInit                              0x08001695   Thumb Code    88  stm32f4xx_hal_msp.o(i.HAL_MspInit)
    HAL_NVIC_EnableIRQ                       0x080016ed   Thumb Code    22  stm32f4xx_hal_cortex.o(i.HAL_NVIC_EnableIRQ)
    HAL_NVIC_SetPriority                     0x08001705   Thumb Code    60  stm32f4xx_hal_cortex.o(i.HAL_NVIC_SetPriority)
    HAL_NVIC_SetPriorityGrouping             0x08001745   Thumb Code    26  stm32f4xx_hal_cortex.o(i.HAL_NVIC_SetPriorityGrouping)
    HAL_RCC_CSSCallback                      0x08001769   Thumb Code     2  stm32f4xx_hal_rcc.o(i.HAL_RCC_CSSCallback)
    HAL_RCC_ClockConfig                      0x0800176d   Thumb Code   364  stm32f4xx_hal_rcc.o(i.HAL_RCC_ClockConfig)
    HAL_RCC_EnableCSS                        0x080018e9   Thumb Code     8  stm32f4xx_hal_rcc.o(i.HAL_RCC_EnableCSS)
    HAL_RCC_GetHCLKFreq                      0x080018f5   Thumb Code     6  stm32f4xx_hal_rcc.o(i.HAL_RCC_GetHCLKFreq)
    HAL_RCC_GetPCLK1Freq                     0x08001901   Thumb Code    34  stm32f4xx_hal_rcc.o(i.HAL_RCC_GetPCLK1Freq)
    HAL_RCC_GetPCLK2Freq                     0x08001931   Thumb Code    34  stm32f4xx_hal_rcc.o(i.HAL_RCC_GetPCLK2Freq)
    HAL_RCC_GetSysClockFreq                  0x08001961   Thumb Code   104  stm32f4xx_hal_rcc.o(i.HAL_RCC_GetSysClockFreq)
    HAL_RCC_NMI_IRQHandler                   0x080019d1   Thumb Code    24  stm32f4xx_hal_rcc.o(i.HAL_RCC_NMI_IRQHandler)
    HAL_RCC_OscConfig                        0x080019ed   Thumb Code   770  stm32f4xx_hal_rcc.o(i.HAL_RCC_OscConfig)
    HAL_SPI_Init                             0x08001d01   Thumb Code   128  stm32f4xx_hal_spi.o(i.HAL_SPI_Init)
    HAL_SPI_MspInit                          0x08001d81   Thumb Code   138  bsp_spiflash.o(i.HAL_SPI_MspInit)
    HAL_SPI_TransmitReceive                  0x08001e1d   Thumb Code   472  stm32f4xx_hal_spi.o(i.HAL_SPI_TransmitReceive)
    HAL_SRAM_Init                            0x08001ff5   Thumb Code    86  stm32f4xx_hal_sram.o(i.HAL_SRAM_Init)
    HAL_SRAM_MspInit                         0x0800204b   Thumb Code     4  bsp_lcd.o(i.HAL_SRAM_MspInit)
    HAL_SYSTICK_CLKSourceConfig              0x0800204f   Thumb Code    24  stm32f4xx_hal_cortex.o(i.HAL_SYSTICK_CLKSourceConfig)
    HAL_SYSTICK_Callback                     0x08002067   Thumb Code     2  stm32f4xx_hal_cortex.o(i.HAL_SYSTICK_Callback)
    HAL_SYSTICK_Config                       0x08002069   Thumb Code    40  stm32f4xx_hal_cortex.o(i.HAL_SYSTICK_Config)
    HAL_SYSTICK_IRQHandler                   0x08002091   Thumb Code     8  stm32f4xx_hal_cortex.o(i.HAL_SYSTICK_IRQHandler)
    HAL_TIMEx_BreakCallback                  0x08002099   Thumb Code     2  stm32f4xx_hal_tim_ex.o(i.HAL_TIMEx_BreakCallback)
    HAL_TIMEx_CommutationCallback            0x0800209b   Thumb Code     2  stm32f4xx_hal_tim_ex.o(i.HAL_TIMEx_CommutationCallback)
    HAL_TIMEx_ConfigBreakDeadTime            0x0800209d   Thumb Code    90  stm32f4xx_hal_tim_ex.o(i.HAL_TIMEx_ConfigBreakDeadTime)
    HAL_TIMEx_MasterConfigSynchronization    0x080020f7   Thumb Code    80  stm32f4xx_hal_tim_ex.o(i.HAL_TIMEx_MasterConfigSynchronization)
    HAL_TIM_Base_Init                        0x08002147   Thumb Code    54  stm32f4xx_hal_tim.o(i.HAL_TIM_Base_Init)
    HAL_TIM_Base_MspInit                     0x0800217d   Thumb Code    30  bsp_stepmotor.o(i.HAL_TIM_Base_MspInit)
    HAL_TIM_Base_Start                       0x080021a5   Thumb Code    26  stm32f4xx_hal_tim.o(i.HAL_TIM_Base_Start)
    HAL_TIM_ConfigClockSource                0x080021bf   Thumb Code   242  stm32f4xx_hal_tim.o(i.HAL_TIM_ConfigClockSource)
    HAL_TIM_IC_CaptureCallback               0x080022b1   Thumb Code     2  stm32f4xx_hal_tim.o(i.HAL_TIM_IC_CaptureCallback)
    HAL_TIM_IRQHandler                       0x080022b3   Thumb Code   358  stm32f4xx_hal_tim.o(i.HAL_TIM_IRQHandler)
    HAL_TIM_OC_ConfigChannel                 0x08002419   Thumb Code    86  stm32f4xx_hal_tim.o(i.HAL_TIM_OC_ConfigChannel)
    HAL_TIM_OC_DelayElapsedCallback          0x08002471   Thumb Code    66  main.o(i.HAL_TIM_OC_DelayElapsedCallback)
    HAL_TIM_OC_Init                          0x080024c1   Thumb Code    54  stm32f4xx_hal_tim.o(i.HAL_TIM_OC_Init)
    HAL_TIM_OC_MspInit                       0x080024f7   Thumb Code     2  stm32f4xx_hal_tim.o(i.HAL_TIM_OC_MspInit)
    HAL_TIM_OC_Start_IT                      0x080024f9   Thumb Code    98  stm32f4xx_hal_tim.o(i.HAL_TIM_OC_Start_IT)
    HAL_TIM_PWM_PulseFinishedCallback        0x08002565   Thumb Code     2  stm32f4xx_hal_tim.o(i.HAL_TIM_PWM_PulseFinishedCallback)
    HAL_TIM_PeriodElapsedCallback            0x08002567   Thumb Code     2  stm32f4xx_hal_tim.o(i.HAL_TIM_PeriodElapsedCallback)
    HAL_TIM_TriggerCallback                  0x08002569   Thumb Code     2  stm32f4xx_hal_tim.o(i.HAL_TIM_TriggerCallback)
    HAL_UART_Init                            0x0800256b   Thumb Code    98  stm32f4xx_hal_uart.o(i.HAL_UART_Init)
    HAL_UART_MspInit                         0x080025cd   Thumb Code    76  bsp_debug_usart.o(i.HAL_UART_MspInit)
    HAL_UART_Transmit                        0x08002625   Thumb Code   186  stm32f4xx_hal_uart.o(i.HAL_UART_Transmit)
    HardFault_Handler                        0x080026df   Thumb Code     2  stm32f4xx_it.o(i.HardFault_Handler)
    KEY_GPIO_Init                            0x080027e9   Thumb Code   128  bsp_key.o(i.KEY_GPIO_Init)
    LCD_Clear                                0x08002871   Thumb Code    26  bsp_lcd.o(i.LCD_Clear)
    LCD_DispCHAR_CH                          0x0800288b   Thumb Code   148  bsp_lcd.o(i.LCD_DispCHAR_CH)
    LCD_DispChar_EN                          0x08002921   Thumb Code   170  bsp_lcd.o(i.LCD_DispChar_EN)
    LCD_DispString_EN                        0x080029d5   Thumb Code   142  bsp_lcd.o(i.LCD_DispString_EN)
    LCD_DispString_EN_CH                     0x08002a63   Thumb Code   252  bsp_lcd.o(i.LCD_DispString_EN_CH)
    LCD_OpenWindow                           0x08002b77   Thumb Code    56  bsp_lcd.o(i.LCD_OpenWindow)
    LCD_SetDirection                         0x08002baf   Thumb Code   126  bsp_lcd.o(i.LCD_SetDirection)
    MX_ADCx_Init                             0x08002c2d   Thumb Code    78  bsp_adc.o(i.MX_ADCx_Init)
    MX_DEBUG_USART_Init                      0x08002c89   Thumb Code    54  bsp_debug_usart.o(i.MX_DEBUG_USART_Init)
    MX_DMA_Init                              0x08002ccd   Thumb Code    40  bsp_adc.o(i.MX_DMA_Init)
    MX_FSMC_Init                             0x08002cf9   Thumb Code    84  bsp_lcd.o(i.MX_FSMC_Init)
    MX_SPIFlash_Init                         0x08002d55   Thumb Code    48  bsp_spiflash.o(i.MX_SPIFlash_Init)
    MemManage_Handler                        0x08002d8d   Thumb Code     2  stm32f4xx_it.o(i.MemManage_Handler)
    NMI_Handler                              0x08002d8f   Thumb Code     4  stm32f4xx_it.o(i.NMI_Handler)
    PendSV_Handler                           0x08002db3   Thumb Code     2  stm32f4xx_it.o(i.PendSV_Handler)
    SPI_FLASH_BufferRead                     0x08002dd5   Thumb Code    82  bsp_spiflash.o(i.SPI_FLASH_BufferRead)
    SPI_FLASH_ReadDeviceID                   0x08002e2d   Thumb Code    60  bsp_spiflash.o(i.SPI_FLASH_ReadDeviceID)
    SPI_FLASH_ReadID                         0x08002e6d   Thumb Code    68  bsp_spiflash.o(i.SPI_FLASH_ReadID)
    SPI_FLASH_SendByte                       0x08002eb5   Thumb Code    38  bsp_spiflash.o(i.SPI_FLASH_SendByte)
    STEPMOTOR_TIMx_Init                      0x0800309d   Thumb Code   160  bsp_stepmotor.o(i.STEPMOTOR_TIMx_Init)
    SVC_Handler                              0x08003149   Thumb Code     2  stm32f4xx_it.o(i.SVC_Handler)
    SysTick_Handler                          0x0800314b   Thumb Code    14  stm32f4xx_it.o(i.SysTick_Handler)
    SystemClock_Config                       0x08003159   Thumb Code   146  main.o(i.SystemClock_Config)
    SystemInit                               0x080031f5   Thumb Code    66  system_stm32f4xx.o(i.SystemInit)
    TIM8_CC_IRQHandler                       0x08003249   Thumb Code     6  stm32f4xx_it.o(i.TIM8_CC_IRQHandler)
    TIM_Base_SetConfig                       0x08003255   Thumb Code   148  stm32f4xx_hal_tim.o(i.TIM_Base_SetConfig)
    TIM_CCxChannelCmd                        0x08003315   Thumb Code    22  stm32f4xx_hal_tim.o(i.TIM_CCxChannelCmd)
    TIM_OC2_SetConfig                        0x080033a9   Thumb Code    90  stm32f4xx_hal_tim.o(i.TIM_OC2_SetConfig)
    UsageFault_Handler                       0x08003815   Thumb Code     2  stm32f4xx_it.o(i.UsageFault_Handler)
    __0printf                                0x08003819   Thumb Code    22  printfa.o(i.__0printf)
    __1printf                                0x08003819   Thumb Code     0  printfa.o(i.__0printf)
    __2printf                                0x08003819   Thumb Code     0  printfa.o(i.__0printf)
    __c89printf                              0x08003819   Thumb Code     0  printfa.o(i.__0printf)
    printf                                   0x08003819   Thumb Code     0  printfa.o(i.__0printf)
    __0sprintf                               0x08003839   Thumb Code    34  printfa.o(i.__0sprintf)
    __1sprintf                               0x08003839   Thumb Code     0  printfa.o(i.__0sprintf)
    __2sprintf                               0x08003839   Thumb Code     0  printfa.o(i.__0sprintf)
    __c89sprintf                             0x08003839   Thumb Code     0  printfa.o(i.__0sprintf)
    sprintf                                  0x08003839   Thumb Code     0  printfa.o(i.__0sprintf)
    __scatterload_copy                       0x08003861   Thumb Code    14  handlers.o(i.__scatterload_copy)
    __scatterload_null                       0x0800386f   Thumb Code     2  handlers.o(i.__scatterload_null)
    __scatterload_zeroinit                   0x08003871   Thumb Code    14  handlers.o(i.__scatterload_zeroinit)
    fputc                                    0x0800411d   Thumb Code    20  bsp_debug_usart.o(i.fputc)
    main                                     0x08004135   Thumb Code  3908  main.o(i.main)
    AHBPrescTable                            0x08005094   Data          16  system_stm32f4xx.o(.constdata)
    APBPrescTable                            0x080050a4   Data           8  system_stm32f4xx.o(.constdata)
    ucAscii_1608                             0x080050ac   Data        1520  bsp_lcd.o(.constdata)
    ucAscii_2412                             0x0800569c   Data        4560  bsp_lcd.o(.constdata)
    Region$$Table$$Base                      0x0800686c   Number         0  anon$$obj.o(Region$$Table)
    Region$$Table$$Limit                     0x0800688c   Number         0  anon$$obj.o(Region$$Table)
    DMA_Transfer_Complete_Count              0x20000000   Data           4  main.o(.data)
    ADC_ConvertedValueLocal                  0x20000004   Data           8  main.o(.data)
    ADC_ConvertedValue                       0x2000000c   Data           8  main.o(.data)
    pulse_count                              0x20000014   Data           8  main.o(.data)
    uwTick                                   0x2000001c   Data           4  stm32f4xx_hal.o(.data)
    SystemCoreClock                          0x20000020   Data           4  system_stm32f4xx.o(.data)
    Toggle_Pulse                             0x20000024   Data           4  bsp_stepmotor.o(.data)
    lcd_id                                   0x2000002c   Data           4  bsp_lcd.o(.data)
    __stdout                                 0x2000003c   Data           4  stdout.o(.data)
    htimx_STEPMOTOR                          0x20000040   Data          60  bsp_stepmotor.o(.bss)
    hadcx                                    0x2000007c   Data          72  bsp_adc.o(.bss)
    hdma_adcx                                0x200000c4   Data          96  bsp_adc.o(.bss)
    husart_debug                             0x20000124   Data          64  bsp_debug_usart.o(.bss)
    hlcd                                     0x20000164   Data          80  bsp_lcd.o(.bss)
    hspiflash                                0x200001b4   Data          88  bsp_spiflash.o(.bss)
    __initial_sp                             0x20001210   Data           0  startup_stm32f407xx.o(STACK)



==============================================================================

Memory Map of the image

  Image Entry point : 0x08000189

  Load Region LR_IROM1 (Base: 0x08000000, Size: 0x000068cc, Max: 0x00100000, ABSOLUTE)

    Execution Region ER_IROM1 (Base: 0x08000000, Size: 0x0000688c, Max: 0x00100000, ABSOLUTE)

    Base Addr    Size         Type   Attr      Idx    E Section Name        Object

    0x08000000   0x00000188   Data   RO            3    RESET               startup_stm32f407xx.o
    0x08000188   0x00000000   Code   RO         8980  * .ARM.Collect$$$$00000000  mc_w.l(entry.o)
    0x08000188   0x00000004   Code   RO         9267    .ARM.Collect$$$$00000001  mc_w.l(entry2.o)
    0x0800018c   0x00000004   Code   RO         9270    .ARM.Collect$$$$00000004  mc_w.l(entry5.o)
    0x08000190   0x00000000   Code   RO         9272    .ARM.Collect$$$$00000008  mc_w.l(entry7b.o)
    0x08000190   0x00000000   Code   RO         9274    .ARM.Collect$$$$0000000A  mc_w.l(entry8b.o)
    0x08000190   0x00000008   Code   RO         9275    .ARM.Collect$$$$0000000B  mc_w.l(entry9a.o)
    0x08000198   0x00000000   Code   RO         9277    .ARM.Collect$$$$0000000D  mc_w.l(entry10a.o)
    0x08000198   0x00000000   Code   RO         9279    .ARM.Collect$$$$0000000F  mc_w.l(entry11a.o)
    0x08000198   0x00000004   Code   RO         9268    .ARM.Collect$$$$00002712  mc_w.l(entry2.o)
    0x0800019c   0x00000024   Code   RO            4    .text               startup_stm32f407xx.o
    0x080001c0   0x00000024   Code   RO         8983    .text               mc_w.l(rand.o)
    0x080001e4   0x0000014e   Code   RO         9251    .text               mf_w.l(dadd.o)
    0x08000332   0x000000e4   Code   RO         9253    .text               mf_w.l(dmul.o)
    0x08000416   0x000000de   Code   RO         9255    .text               mf_w.l(ddiv.o)
    0x080004f4   0x00000022   Code   RO         9257    .text               mf_w.l(dflti.o)
    0x08000516   0x0000001a   Code   RO         9259    .text               mf_w.l(dfltui.o)
    0x08000530   0x0000003e   Code   RO         9261    .text               mf_w.l(dfixi.o)
    0x0800056e   0x00000026   Code   RO         9263    .text               mf_w.l(f2d.o)
    0x08000594   0x00000038   Code   RO         9265    .text               mf_w.l(d2f.o)
    0x080005cc   0x0000002c   Code   RO         9282    .text               mc_w.l(uidiv.o)
    0x080005f8   0x00000062   Code   RO         9284    .text               mc_w.l(uldiv.o)
    0x0800065a   0x0000001e   Code   RO         9286    .text               mc_w.l(llshl.o)
    0x08000678   0x00000020   Code   RO         9288    .text               mc_w.l(llushr.o)
    0x08000698   0x00000024   Code   RO         9290    .text               mc_w.l(llsshr.o)
    0x080006bc   0x00000000   Code   RO         9292    .text               mc_w.l(iusefp.o)
    0x080006bc   0x0000006e   Code   RO         9293    .text               mf_w.l(fepilogue.o)
    0x0800072a   0x000000ba   Code   RO         9295    .text               mf_w.l(depilogue.o)
    0x080007e4   0x00000030   Code   RO         9297    .text               mf_w.l(dfixul.o)
    0x08000814   0x00000030   Code   RO         9299    .text               mf_w.l(cdrcmple.o)
    0x08000844   0x00000024   Code   RO         9301    .text               mc_w.l(init.o)
    0x08000868   0x00000062   Code   RO         1472    i.ADC_DMAConvCplt   stm32f4xx_hal_adc.o
    0x080008ca   0x00000016   Code   RO         1473    i.ADC_DMAError      stm32f4xx_hal_adc.o
    0x080008e0   0x0000000a   Code   RO         1474    i.ADC_DMAHalfConvCplt  stm32f4xx_hal_adc.o
    0x080008ea   0x00000002   PAD
    0x080008ec   0x0000012c   Code   RO         1475    i.ADC_Init          stm32f4xx_hal_adc.o
    0x08000a18   0x00000060   Code   RO         8706    i.BSP_LCD_Init      bsp_lcd.o
    0x08000a78   0x00000002   Code   RO          345    i.BusFault_Handler  stm32f4xx_it.o
    0x08000a7a   0x00000002   PAD
    0x08000a7c   0x0000000c   Code   RO          346    i.DMA2_Stream0_IRQHandler  stm32f4xx_it.o
    0x08000a88   0x00000028   Code   RO          955    i.DMA_CalcBaseAndBitshift  stm32f4xx_hal_dma.o
    0x08000ab0   0x00000054   Code   RO          956    i.DMA_CheckFifoParam  stm32f4xx_hal_dma.o
    0x08000b04   0x00000028   Code   RO          957    i.DMA_SetConfig     stm32f4xx_hal_dma.o
    0x08000b2c   0x00000002   Code   RO          347    i.DebugMon_Handler  stm32f4xx_it.o
    0x08000b2e   0x00000002   Code   RO          348    i.FPU_IRQHandler    stm32f4xx_it.o
    0x08000b30   0x00000040   Code   RO         7690    i.FSMC_NORSRAM_Extended_Timing_Init  stm32f4xx_ll_fsmc.o
    0x08000b70   0x00000054   Code   RO         7691    i.FSMC_NORSRAM_Init  stm32f4xx_ll_fsmc.o
    0x08000bc4   0x00000044   Code   RO         7692    i.FSMC_NORSRAM_Timing_Init  stm32f4xx_ll_fsmc.o
    0x08000c08   0x000000d8   Code   RO         8707    i.GetGBKCode_SPIFLASH  bsp_lcd.o
    0x08000ce0   0x0000014c   Code   RO         1477    i.HAL_ADC_ConfigChannel  stm32f4xx_hal_adc.o
    0x08000e2c   0x00000010   Code   RO           13    i.HAL_ADC_ConvCpltCallback  main.o
    0x08000e3c   0x00000002   Code   RO         1479    i.HAL_ADC_ConvHalfCpltCallback  stm32f4xx_hal_adc.o
    0x08000e3e   0x00000002   Code   RO         1481    i.HAL_ADC_ErrorCallback  stm32f4xx_hal_adc.o
    0x08000e40   0x00000054   Code   RO         1486    i.HAL_ADC_Init      stm32f4xx_hal_adc.o
    0x08000e94   0x000000a4   Code   RO         8610    i.HAL_ADC_MspInit   bsp_adc.o
    0x08000f38   0x00000100   Code   RO         1493    i.HAL_ADC_Start_DMA  stm32f4xx_hal_adc.o
    0x08001038   0x000001a8   Code   RO          963    i.HAL_DMA_IRQHandler  stm32f4xx_hal_dma.o
    0x080011e0   0x000000d4   Code   RO          964    i.HAL_DMA_Init      stm32f4xx_hal_dma.o
    0x080012b4   0x00000078   Code   RO          968    i.HAL_DMA_Start_IT  stm32f4xx_hal_dma.o
    0x0800132c   0x0000001c   Code   RO         1230    i.HAL_Delay         stm32f4xx_hal.o
    0x08001348   0x00000118   Code   RO         8708    i.HAL_FSMC_LCD_MspInit  bsp_lcd.o
    0x08001460   0x000001b0   Code   RO          639    i.HAL_GPIO_Init     stm32f4xx_hal_gpio.o
    0x08001610   0x0000000a   Code   RO          643    i.HAL_GPIO_WritePin  stm32f4xx_hal_gpio.o
    0x0800161a   0x00000002   PAD
    0x0800161c   0x0000000c   Code   RO         1236    i.HAL_GetTick       stm32f4xx_hal.o
    0x08001628   0x00000010   Code   RO         1238    i.HAL_IncTick       stm32f4xx_hal.o
    0x08001638   0x00000034   Code   RO         1239    i.HAL_Init          stm32f4xx_hal.o
    0x0800166c   0x00000028   Code   RO         1240    i.HAL_InitTick      stm32f4xx_hal.o
    0x08001694   0x00000058   Code   RO          321    i.HAL_MspInit       stm32f4xx_hal_msp.o
    0x080016ec   0x00000016   Code   RO          707    i.HAL_NVIC_EnableIRQ  stm32f4xx_hal_cortex.o
    0x08001702   0x00000002   PAD
    0x08001704   0x00000040   Code   RO          713    i.HAL_NVIC_SetPriority  stm32f4xx_hal_cortex.o
    0x08001744   0x00000024   Code   RO          714    i.HAL_NVIC_SetPriorityGrouping  stm32f4xx_hal_cortex.o
    0x08001768   0x00000002   Code   RO         1061    i.HAL_RCC_CSSCallback  stm32f4xx_hal_rcc.o
    0x0800176a   0x00000002   PAD
    0x0800176c   0x0000017c   Code   RO         1062    i.HAL_RCC_ClockConfig  stm32f4xx_hal_rcc.o
    0x080018e8   0x0000000c   Code   RO         1065    i.HAL_RCC_EnableCSS  stm32f4xx_hal_rcc.o
    0x080018f4   0x0000000c   Code   RO         1067    i.HAL_RCC_GetHCLKFreq  stm32f4xx_hal_rcc.o
    0x08001900   0x00000030   Code   RO         1069    i.HAL_RCC_GetPCLK1Freq  stm32f4xx_hal_rcc.o
    0x08001930   0x00000030   Code   RO         1070    i.HAL_RCC_GetPCLK2Freq  stm32f4xx_hal_rcc.o
    0x08001960   0x00000070   Code   RO         1071    i.HAL_RCC_GetSysClockFreq  stm32f4xx_hal_rcc.o
    0x080019d0   0x0000001c   Code   RO         1073    i.HAL_RCC_NMI_IRQHandler  stm32f4xx_hal_rcc.o
    0x080019ec   0x00000314   Code   RO         1074    i.HAL_RCC_OscConfig  stm32f4xx_hal_rcc.o
    0x08001d00   0x00000080   Code   RO         5715    i.HAL_SPI_Init      stm32f4xx_hal_spi.o
    0x08001d80   0x0000009c   Code   RO         8859    i.HAL_SPI_MspInit   bsp_spiflash.o
    0x08001e1c   0x000001d8   Code   RO         5724    i.HAL_SPI_TransmitReceive  stm32f4xx_hal_spi.o
    0x08001ff4   0x00000056   Code   RO         6025    i.HAL_SRAM_Init     stm32f4xx_hal_sram.o
    0x0800204a   0x00000004   Code   RO         8710    i.HAL_SRAM_MspInit  bsp_lcd.o
    0x0800204e   0x00000018   Code   RO          716    i.HAL_SYSTICK_CLKSourceConfig  stm32f4xx_hal_cortex.o
    0x08002066   0x00000002   Code   RO          717    i.HAL_SYSTICK_Callback  stm32f4xx_hal_cortex.o
    0x08002068   0x00000028   Code   RO          718    i.HAL_SYSTICK_Config  stm32f4xx_hal_cortex.o
    0x08002090   0x00000008   Code   RO          719    i.HAL_SYSTICK_IRQHandler  stm32f4xx_hal_cortex.o
    0x08002098   0x00000002   Code   RO         6772    i.HAL_TIMEx_BreakCallback  stm32f4xx_hal_tim_ex.o
    0x0800209a   0x00000002   Code   RO         6773    i.HAL_TIMEx_CommutationCallback  stm32f4xx_hal_tim_ex.o
    0x0800209c   0x0000005a   Code   RO         6774    i.HAL_TIMEx_ConfigBreakDeadTime  stm32f4xx_hal_tim_ex.o
    0x080020f6   0x00000050   Code   RO         6789    i.HAL_TIMEx_MasterConfigSynchronization  stm32f4xx_hal_tim_ex.o
    0x08002146   0x00000036   Code   RO         6143    i.HAL_TIM_Base_Init  stm32f4xx_hal_tim.o
    0x0800217c   0x00000028   Code   RO         8509    i.HAL_TIM_Base_MspInit  bsp_stepmotor.o
    0x080021a4   0x0000001a   Code   RO         6146    i.HAL_TIM_Base_Start  stm32f4xx_hal_tim.o
    0x080021be   0x000000f2   Code   RO         6152    i.HAL_TIM_ConfigClockSource  stm32f4xx_hal_tim.o
    0x080022b0   0x00000002   Code   RO         6172    i.HAL_TIM_IC_CaptureCallback  stm32f4xx_hal_tim.o
    0x080022b2   0x00000166   Code   RO         6185    i.HAL_TIM_IRQHandler  stm32f4xx_hal_tim.o
    0x08002418   0x00000056   Code   RO         6186    i.HAL_TIM_OC_ConfigChannel  stm32f4xx_hal_tim.o
    0x0800246e   0x00000002   PAD
    0x08002470   0x00000050   Code   RO           14    i.HAL_TIM_OC_DelayElapsedCallback  main.o
    0x080024c0   0x00000036   Code   RO         6190    i.HAL_TIM_OC_Init   stm32f4xx_hal_tim.o
    0x080024f6   0x00000002   Code   RO         6192    i.HAL_TIM_OC_MspInit  stm32f4xx_hal_tim.o
    0x080024f8   0x0000006c   Code   RO         6195    i.HAL_TIM_OC_Start_IT  stm32f4xx_hal_tim.o
    0x08002564   0x00000002   Code   RO         6215    i.HAL_TIM_PWM_PulseFinishedCallback  stm32f4xx_hal_tim.o
    0x08002566   0x00000002   Code   RO         6222    i.HAL_TIM_PeriodElapsedCallback  stm32f4xx_hal_tim.o
    0x08002568   0x00000002   Code   RO         6226    i.HAL_TIM_TriggerCallback  stm32f4xx_hal_tim.o
    0x0800256a   0x00000062   Code   RO         7036    i.HAL_UART_Init     stm32f4xx_hal_uart.o
    0x080025cc   0x00000058   Code   RO         8653    i.HAL_UART_MspInit  bsp_debug_usart.o
    0x08002624   0x000000ba   Code   RO         7044    i.HAL_UART_Transmit  stm32f4xx_hal_uart.o
    0x080026de   0x00000002   Code   RO          349    i.HardFault_Handler  stm32f4xx_it.o
    0x080026e0   0x00000106   Code   RO         8711    i.ILI9488_REG_Config  bsp_lcd.o
    0x080027e6   0x00000002   PAD
    0x080027e8   0x00000088   Code   RO         8561    i.KEY_GPIO_Init     bsp_key.o
    0x08002870   0x0000001a   Code   RO         8712    i.LCD_Clear         bsp_lcd.o
    0x0800288a   0x00000094   Code   RO         8713    i.LCD_DispCHAR_CH   bsp_lcd.o
    0x0800291e   0x00000002   PAD
    0x08002920   0x000000b4   Code   RO         8714    i.LCD_DispChar_EN   bsp_lcd.o
    0x080029d4   0x0000008e   Code   RO         8716    i.LCD_DispString_EN  bsp_lcd.o
    0x08002a62   0x000000fc   Code   RO         8717    i.LCD_DispString_EN_CH  bsp_lcd.o
    0x08002b5e   0x00000018   Code   RO         8721    i.LCD_FillColor     bsp_lcd.o
    0x08002b76   0x00000038   Code   RO         8723    i.LCD_OpenWindow    bsp_lcd.o
    0x08002bae   0x0000007e   Code   RO         8724    i.LCD_SetDirection  bsp_lcd.o
    0x08002c2c   0x0000005c   Code   RO         8611    i.MX_ADCx_Init      bsp_adc.o
    0x08002c88   0x00000044   Code   RO         8654    i.MX_DEBUG_USART_Init  bsp_debug_usart.o
    0x08002ccc   0x0000002c   Code   RO         8612    i.MX_DMA_Init       bsp_adc.o
    0x08002cf8   0x0000005c   Code   RO         8726    i.MX_FSMC_Init      bsp_lcd.o
    0x08002d54   0x00000038   Code   RO         8860    i.MX_SPIFlash_Init  bsp_spiflash.o
    0x08002d8c   0x00000002   Code   RO          350    i.MemManage_Handler  stm32f4xx_it.o
    0x08002d8e   0x00000004   Code   RO          351    i.NMI_Handler       stm32f4xx_it.o
    0x08002d92   0x00000020   Code   RO          720    i.NVIC_SetPriority  stm32f4xx_hal_cortex.o
    0x08002db2   0x00000002   Code   RO          352    i.PendSV_Handler    stm32f4xx_it.o
    0x08002db4   0x00000020   Code   RO         5739    i.SPI_CheckFlag_BSY  stm32f4xx_hal_spi.o
    0x08002dd4   0x00000058   Code   RO         8861    i.SPI_FLASH_BufferRead  bsp_spiflash.o
    0x08002e2c   0x00000040   Code   RO         8866    i.SPI_FLASH_ReadDeviceID  bsp_spiflash.o
    0x08002e6c   0x00000048   Code   RO         8867    i.SPI_FLASH_ReadID  bsp_spiflash.o
    0x08002eb4   0x0000002c   Code   RO         8869    i.SPI_FLASH_SendByte  bsp_spiflash.o
    0x08002ee0   0x00000096   Code   RO         5757    i.SPI_WaitFlagStateUntilTimeout  stm32f4xx_hal_spi.o
    0x08002f76   0x00000002   PAD
    0x08002f78   0x00000124   Code   RO         8510    i.STEPMOTOR_GPIO_Init  bsp_stepmotor.o
    0x0800309c   0x000000ac   Code   RO         8511    i.STEPMOTOR_TIMx_Init  bsp_stepmotor.o
    0x08003148   0x00000002   Code   RO          353    i.SVC_Handler       stm32f4xx_it.o
    0x0800314a   0x0000000e   Code   RO          354    i.SysTick_Handler   stm32f4xx_it.o
    0x08003158   0x0000009c   Code   RO           15    i.SystemClock_Config  main.o
    0x080031f4   0x00000054   Code   RO         8471    i.SystemInit        system_stm32f4xx.o
    0x08003248   0x0000000c   Code   RO          355    i.TIM8_CC_IRQHandler  stm32f4xx_it.o
    0x08003254   0x000000c0   Code   RO         6227    i.TIM_Base_SetConfig  stm32f4xx_hal_tim.o
    0x08003314   0x00000016   Code   RO         6228    i.TIM_CCxChannelCmd  stm32f4xx_hal_tim.o
    0x0800332a   0x00000014   Code   RO         6234    i.TIM_ETR_SetConfig  stm32f4xx_hal_tim.o
    0x0800333e   0x00000010   Code   RO         6235    i.TIM_ITRx_SetConfig  stm32f4xx_hal_tim.o
    0x0800334e   0x00000002   PAD
    0x08003350   0x00000058   Code   RO         6236    i.TIM_OC1_SetConfig  stm32f4xx_hal_tim.o
    0x080033a8   0x00000064   Code   RO         6237    i.TIM_OC2_SetConfig  stm32f4xx_hal_tim.o
    0x0800340c   0x00000060   Code   RO         6238    i.TIM_OC3_SetConfig  stm32f4xx_hal_tim.o
    0x0800346c   0x00000050   Code   RO         6239    i.TIM_OC4_SetConfig  stm32f4xx_hal_tim.o
    0x080034bc   0x00000022   Code   RO         6241    i.TIM_TI1_ConfigInputStage  stm32f4xx_hal_tim.o
    0x080034de   0x00000024   Code   RO         6243    i.TIM_TI2_ConfigInputStage  stm32f4xx_hal_tim.o
    0x08003502   0x00000002   PAD
    0x08003504   0x000002ac   Code   RO         7062    i.UART_SetConfig    stm32f4xx_hal_uart.o
    0x080037b0   0x00000064   Code   RO         7064    i.UART_WaitOnFlagUntilTimeout  stm32f4xx_hal_uart.o
    0x08003814   0x00000002   Code   RO          356    i.UsageFault_Handler  stm32f4xx_it.o
    0x08003816   0x00000002   PAD
    0x08003818   0x00000020   Code   RO         9223    i.__0printf         mc_w.l(printfa.o)
    0x08003838   0x00000028   Code   RO         9225    i.__0sprintf        mc_w.l(printfa.o)
    0x08003860   0x0000000e   Code   RO         9305    i.__scatterload_copy  mc_w.l(handlers.o)
    0x0800386e   0x00000002   Code   RO         9306    i.__scatterload_null  mc_w.l(handlers.o)
    0x08003870   0x0000000e   Code   RO         9307    i.__scatterload_zeroinit  mc_w.l(handlers.o)
    0x0800387e   0x00000002   PAD
    0x08003880   0x00000164   Code   RO         9230    i._fp_digits        mc_w.l(printfa.o)
    0x080039e4   0x000006dc   Code   RO         9231    i._printf_core      mc_w.l(printfa.o)
    0x080040c0   0x00000024   Code   RO         9232    i._printf_post_padding  mc_w.l(printfa.o)
    0x080040e4   0x0000002e   Code   RO         9233    i._printf_pre_padding  mc_w.l(printfa.o)
    0x08004112   0x0000000a   Code   RO         9235    i._sputc            mc_w.l(printfa.o)
    0x0800411c   0x00000018   Code   RO         8656    i.fputc             bsp_debug_usart.o
    0x08004134   0x00000f58   Code   RO           16    i.main              main.o
    0x0800508c   0x00000008   Data   RO          970    .constdata          stm32f4xx_hal_dma.o
    0x08005094   0x00000010   Data   RO         8472    .constdata          system_stm32f4xx.o
    0x080050a4   0x00000008   Data   RO         8473    .constdata          system_stm32f4xx.o
    0x080050ac   0x000017c0   Data   RO         8728    .constdata          bsp_lcd.o
    0x0800686c   0x00000020   Data   RO         9303    Region$$Table       anon$$obj.o


    Execution Region RW_IRAM1 (Base: 0x20000000, Size: 0x00001210, Max: 0x00020000, ABSOLUTE)

    Base Addr    Size         Type   Attr      Idx    E Section Name        Object

    0x20000000   0x0000001c   Data   RW           19    .data               main.o
    0x2000001c   0x00000004   Data   RW         1245    .data               stm32f4xx_hal.o
    0x20000020   0x00000004   Data   RW         8474    .data               system_stm32f4xx.o
    0x20000024   0x00000004   Data   RW         8513    .data               bsp_stepmotor.o
    0x20000028   0x00000010   Data   RW         8731    .data               bsp_lcd.o
    0x20000038   0x00000004   Data   RW         8984    .data               mc_w.l(rand.o)
    0x2000003c   0x00000004   Data   RW         9281    .data               mc_w.l(stdout.o)
    0x20000040   0x0000003c   Zero   RW         8512    .bss                bsp_stepmotor.o
    0x2000007c   0x000000a8   Zero   RW         8613    .bss                bsp_adc.o
    0x20000124   0x00000040   Zero   RW         8657    .bss                bsp_debug_usart.o
    0x20000164   0x00000050   Zero   RW         8727    .bss                bsp_lcd.o
    0x200001b4   0x00000058   Zero   RW         8875    .bss                bsp_spiflash.o
    0x2000020c   0x00000004   PAD
    0x20000210   0x00001000   Zero   RW            1    STACK               startup_stm32f407xx.o


==============================================================================

Image component sizes


      Code (inc. data)   RO Data    RW Data    ZI Data      Debug   Object Name

       300         38          0          0        168       2601   bsp_adc.o
       180         30          0          0         64       2576   bsp_debug_usart.o
       136          8          0          0          0       1044   bsp_key.o
      1904        108       6080         16         80      14218   bsp_lcd.o
       480         46          0          0         88       5259   bsp_spiflash.o
       504         40          0          4         60       3036   bsp_stepmotor.o
      4180        360          0         28          0     715962   main.o
        36          8        392          0       4096        876   startup_stm32f407xx.o
       148         22          0          4          0       4731   stm32f4xx_hal.o
      1106         52          0          0          0       6866   stm32f4xx_hal_adc.o
       228         14          0          0          0      32213   stm32f4xx_hal_cortex.o
       920         22          8          0          0       5511   stm32f4xx_hal_dma.o
       442         44          0          0          0       2352   stm32f4xx_hal_gpio.o
        88          0          0          0          0        574   stm32f4xx_hal_msp.o
      1430         84          0          0          0       7627   stm32f4xx_hal_rcc.o
       782          0          0          0          0       3985   stm32f4xx_hal_spi.o
        86          0          0          0          0       1212   stm32f4xx_hal_sram.o
      1622         90          0          0          0      16366   stm32f4xx_hal_tim.o
       174          0          0          0          0       3382   stm32f4xx_hal_tim_ex.o
      1068          8          0          0          0       3880   stm32f4xx_hal_uart.o
        58         12          0          0          0       6114   stm32f4xx_it.o
       216         12          0          0          0       2703   stm32f4xx_ll_fsmc.o
        84         18         24          4          0       1303   system_stm32f4xx.o

    ----------------------------------------------------------------------
     16196       1016       6536         56       4560     844391   Object Totals
         0          0         32          0          0          0   (incl. Generated)
        24          0          0          0          4          0   (incl. Padding)

    ----------------------------------------------------------------------

      Code (inc. data)   RO Data    RW Data    ZI Data      Debug   Library Member Name

         0          0          0          0          0          0   entry.o
         0          0          0          0          0          0   entry10a.o
         0          0          0          0          0          0   entry11a.o
         8          4          0          0          0          0   entry2.o
         4          0          0          0          0          0   entry5.o
         0          0          0          0          0          0   entry7b.o
         0          0          0          0          0          0   entry8b.o
         8          4          0          0          0          0   entry9a.o
        30          0          0          0          0          0   handlers.o
        36          8          0          0          0         68   init.o
         0          0          0          0          0          0   iusefp.o
        30          0          0          0          0         68   llshl.o
        36          0          0          0          0         68   llsshr.o
        32          0          0          0          0         68   llushr.o
      2276         96          0          0          0        596   printfa.o
        36         10          0          4          0        136   rand.o
         0          0          0          4          0          0   stdout.o
        44          0          0          0          0         80   uidiv.o
        98          0          0          0          0         92   uldiv.o
        48          0          0          0          0         68   cdrcmple.o
        56          0          0          0          0         88   d2f.o
       334          0          0          0          0        148   dadd.o
       222          0          0          0          0        100   ddiv.o
       186          0          0          0          0        176   depilogue.o
        62          0          0          0          0         80   dfixi.o
        48          0          0          0          0         68   dfixul.o
        34          0          0          0          0         76   dflti.o
        26          0          0          0          0         76   dfltui.o
       228          0          0          0          0         96   dmul.o
        38          0          0          0          0         68   f2d.o
       110          0          0          0          0        168   fepilogue.o

    ----------------------------------------------------------------------
      4032        122          0          8          0       2388   Library Totals
         2          0          0          0          0          0   (incl. Padding)

    ----------------------------------------------------------------------

      Code (inc. data)   RO Data    RW Data    ZI Data      Debug   Library Name

      2638        122          0          8          0       1176   mc_w.l
      1392          0          0          0          0       1212   mf_w.l

    ----------------------------------------------------------------------
      4032        122          0          8          0       2388   Library Totals

    ----------------------------------------------------------------------

==============================================================================


      Code (inc. data)   RO Data    RW Data    ZI Data      Debug   

     20228       1138       6536         64       4560     834035   Grand Totals
     20228       1138       6536         64       4560     834035   ELF Image Totals
     20228       1138       6536         64          0          0   ROM Totals

==============================================================================

    Total RO  Size (Code + RO Data)                26764 (  26.14kB)
    Total RW  Size (RW Data + ZI Data)              4624 (   4.52kB)
    Total ROM Size (Code + RO Data + RW Data)      26828 (  26.20kB)

==============================================================================

