<html>
<body>
<pre>
<h1>礦ision Build Log</h1>
<h2>Tool Versions:</h2>
IDE-Version: μVision V5.14.0.0
Copyright (C) 2015 ARM Ltd and ARM Germany GmbH. All rights reserved.
License Information: eric wen, eric, LIC=9N012-9DZAV-66DQS-LYHS5-H3ETB-NXMEL
 
Tool Versions:
Toolchain:       MDK-ARM Professional  Version: 5.14.0.0
Toolchain Path:  C:\Keil_v5\ARM\ARMCC\Bin
C Compiler:      Armcc.exe V5.05 update 1 (build 106)
Assembler:       Armasm.exe V5.05 update 1 (build 106)
Linker/Locator:  ArmLink.exe V5.05 update 1 (build 106)
Library Manager: ArmAr.exe V5.05 update 1 (build 106)
Hex Converter:   FromElf.exe V5.05 update 1 (build 106)
CPU DLL:         SARMCM3.DLL V5.14.0.0
Dialog DLL:      DCM.DLL V1.13.1.0
Target DLL:      STLink\ST-LINKIII-KEIL_SWO.dll V2.0.14.0_KEIL
Dialog DLL:      TCM.DLL V1.14.4.0
 
<h2>Project:</h2>
C:\Users\Administrator\repos\stm32\YSF4_HAL_MOTOR-103. 57&42步进电机旋转控制实现\MDK-ARM\YS-F4Pro.uvprojx
Project File Date:  06/29/2019

<h2>Output:</h2>
Build target 'YS-F4Pro'
compiling main.c...
../Src/main.c(86): warning:  #177-D: variable "i" was declared but never referenced
        uint8_t i;
../Src/main.c(88): warning:  #550-D: variable "lcdid" was set but never used
        uint32_t lcdid;
../Src/main.c(90): warning:  #550-D: variable "count" was set but never used
        uint16_t count;
../Src/main.c(91): warning:  #177-D: variable "pulse_temp1" was declared but never referenced
        float pulse_temp1, pulse_temp2;
../Src/main.c(91): warning:  #177-D: variable "pulse_temp2" was declared but never referenced
        float pulse_temp1, pulse_temp2;
../Src/main.c(92): warning:  #177-D: variable "temp1" was declared but never referenced
        float temp1, temp_raw1, temp2, temp_raw2;
../Src/main.c(92): warning:  #177-D: variable "temp_raw1" was declared but never referenced
        float temp1, temp_raw1, temp2, temp_raw2;
../Src/main.c(92): warning:  #177-D: variable "temp2" was declared but never referenced
        float temp1, temp_raw1, temp2, temp_raw2;
../Src/main.c(92): warning:  #177-D: variable "temp_raw2" was declared but never referenced
        float temp1, temp_raw1, temp2, temp_raw2;
../Src/main.c(93): warning:  #177-D: variable "map_x" was declared but never referenced
        int map_x, map_y;
../Src/main.c(93): warning:  #177-D: variable "map_y" was declared but never referenced
        int map_x, map_y;
../Src/main.c(94): warning:  #177-D: variable "norm_x" was declared but never referenced
        double norm_x, norm_y;
../Src/main.c(94): warning:  #177-D: variable "norm_y" was declared but never referenced
        double norm_x, norm_y;
../Src/main.c(95): warning:  #177-D: variable "dmapx" was declared but never referenced
        double dmapx;
../Src/main.c: 14 warnings, 0 errors
linking...
Program Size: Code=17112 RO-data=313736 RW-data=64 ZI-data=4560  
"YS-F4Pro\YS-F4Pro.axf" - 0 Error(s), 14 Warning(s).

<h2>Collection of Component include folders:</h2>
  C:\Users\Administrator\repos\stm32\YSF4_HAL_MOTOR-103. 57&42步进电机旋转控制实现\MDK-ARM\RTE
  C:\Keil_v5\ARM\PACK\Keil\STM32F4xx_DFP\2.13.0

<h2>Collection of Component Files used:</h2>
</pre>
</body>
</html>
